Component: ARM Compiler 5.06 update 7 (build 960) Tool: armlink [4d3601]

==============================================================================

Section Cross References

    main.o(.text) refers to rtx_kernel.o(.text) for osKernelGetState
    main.o(.text) refers to stm32f4xx_hal_rcc.o(.text) for HAL_RCC_OscConfig
    main.o(.text) refers to stm32f4xx_hal.o(.text) for HAL_GetREVID
    main.o(.text) refers to system_stm32f4xx.o(.text) for SystemCoreClockUpdate
    main.o(.text) refers to rtx_thread.o(.text) for osThreadNew
    main.o(.text) refers to system_stm32f4xx.o(.data) for SystemCoreClock
    main.o(.text) refers to main.o(.data) for .data
    main.o(.text) refers to http_server.o(.constdata) for app_main_attr
    main.o(.text) refers to http_server.o(.text) for app_main
    http_server.o(.text) refers to stm32f4xx_hal_gpio.o(.text) for HAL_GPIO_Init
    http_server.o(.text) refers to stm32f4xx_hal_cortex.o(.text) for HAL_NVIC_EnableIRQ
    http_server.o(.text) refers to rtx_timer.o(.text) for osTimerStop
    http_server.o(.text) refers to stopmode.o(.text) for SleepMode_Measure
    http_server.o(.text) refers to stm32f4xx_hal.o(.text) for HAL_ResumeTick
    http_server.o(.text) refers to memcpya.o(.text) for __aeabi_memcpy4
    http_server.o(.text) refers to rtc.o(.text) for RTC_CalendarConfig
    http_server.o(.text) refers to rtx_thread.o(.text) for osThreadFlagsSet
    http_server.o(.text) refers to spi.o(.text) for init_spi
    http_server.o(.text) refers to net_sys.o(i.netUninitialize) for netUninitialize
    http_server.o(.text) refers to net_sys.o(i.netInitialize) for netInitialize
    http_server.o(.text) refers to thlcd.o(.text) for init_thLCD
    http_server.o(.text) refers to thadc.o(.text) for init_thadc
    http_server.o(.text) refers to rtx_delay.o(.text) for osDelay
    http_server.o(.text) refers to thrtc.o(.text) for init_thRTC
    http_server.o(.text) refers to http_server.o(.data) for .data
    http_server.o(.constdata) refers to http_server.o(.bss) for app_main_stk
    http_server_cgi.o(.text) refers to net_http_server.o(i.netCGI_GetEnvVar) for netCGI_GetEnvVar
    http_server_cgi.o(.text) refers to net_addr.o(i.netIP_aton) for netIP_aton
    http_server_cgi.o(.text) refers to net_sys.o(i.netIF_SetOption) for netIF_SetOption
    http_server_cgi.o(.text) refers to strcmp.o(.text) for strcmp
    http_server_cgi.o(.text) refers to strncmp.o(.text) for strncmp
    http_server_cgi.o(.text) refers to rtx_thread.o(.text) for osThreadFlagsSet
    http_server_cgi.o(.text) refers to net_http_server.o(i.netHTTPs_LoginActive) for netHTTPs_LoginActive
    http_server_cgi.o(.text) refers to strcpy.o(.text) for strcpy
    http_server_cgi.o(.text) refers to net_http_server.o(i.netHTTPs_SetPassword) for netHTTPs_SetPassword
    http_server_cgi.o(.text) refers to strlen.o(.text) for strlen
    http_server_cgi.o(.text) refers to rtx_msgqueue.o(.text) for osMessageQueuePut
    http_server_cgi.o(.text) refers to net_sys.o(i.netIF_GetOption) for netIF_GetOption
    http_server_cgi.o(.text) refers to net_addr.o(i.netIP_ntoa) for netIP_ntoa
    http_server_cgi.o(.text) refers to printfa.o(i.__0sprintf) for __2sprintf
    http_server_cgi.o(.text) refers to net_tcp.o(i.netTCP_GetState) for netTCP_GetState
    http_server_cgi.o(.text) refers to net_tcp.o(i.netTCP_GetPeer) for netTCP_GetPeer
    http_server_cgi.o(.text) refers to net_tcp.o(i.netTCP_GetTimer) for netTCP_GetTimer
    http_server_cgi.o(.text) refers to net_tcp.o(i.netTCP_GetLocalPort) for netTCP_GetLocalPort
    http_server_cgi.o(.text) refers to net_http_server.o(i.netHTTPs_GetPassword) for netHTTPs_GetPassword
    http_server_cgi.o(.text) refers to net_http_server.o(i.netHTTPs_GetLanguage) for netHTTPs_GetLanguage
    http_server_cgi.o(.text) refers to http_server_cgi.o(.bss) for .bss
    http_server_cgi.o(.text) refers to http_server_cgi.o(.data) for .data
    http_server_cgi.o(.text) refers to thlcd.o(.data) for msglcd
    http_server_cgi.o(.text) refers to http_server.o(.data) for thLed
    http_server_cgi.o(.text) refers to thadc.o(.data) for msgadc
    http_server_cgi.o(.text) refers to http_server_cgi.o(.conststring) for .conststring
    http_server_cgi.o(.text) refers to ffltui.o(.text) for __aeabi_ui2f
    http_server_cgi.o(.text) refers to fmul.o(.text) for __aeabi_fmul
    http_server_cgi.o(.text) refers to f2d.o(.text) for __aeabi_f2d
    http_server_cgi.o(.text) refers to dscalb.o(.text) for __ARM_scalbn
    http_server_cgi.o(.text) refers to thrtc.o(.data) for msgrtc
    web.o(.text) refers to web.o(.constdata) for .constdata
    web.o(.constdata) refers to web.o(.constdata) for imageFileData
    spi.o(.text) refers to stm32f4xx_hal_tim.o(.text) for HAL_TIM_Base_Init
    spi.o(.text) refers to stm32f4xx_hal_gpio.o(.text) for HAL_GPIO_Init
    spi.o(.text) refers to spi.o(.bss) for .bss
    spi.o(.text) refers to spi.o(.data) for .data
    spi.o(.text) refers to spi.o(.constdata) for .constdata
[...]
    net_eth_output                           0x08015575   Thumb Code   164  net_eth.o(i.net_eth_output)
    net_eth_send_frame                       0x0801561d   Thumb Code   462  net_eth.o(i.net_eth_send_frame)
    net_eth_set_option                       0x080157fd   Thumb Code   610  net_eth.o(i.net_eth_set_option)
    net_http_server_init                     0x08015a6d   Thumb Code   212  net_http_server.o(i.net_http_server_init)
    net_http_server_run                      0x08015b55   Thumb Code    30  net_http_server.o(i.net_http_server_run)
    net_http_server_uninit                   0x08015b7d   Thumb Code    98  net_http_server.o(i.net_http_server_uninit)
    net_icmp6_init                           0x08015bed   Thumb Code    20  net_icmp6.o(i.net_icmp6_init)
    net_icmp6_process                        0x08015c05   Thumb Code   542  net_icmp6.o(i.net_icmp6_process)
    net_icmp6_send                           0x08015e3d   Thumb Code   122  net_icmp6.o(i.net_icmp6_send)
    net_icmp6_send_echo                      0x08015ec1   Thumb Code    78  net_icmp6.o(i.net_icmp6_send_echo)
    net_icmp_init                            0x08015f19   Thumb Code    20  net_icmp.o(i.net_icmp_init)
    net_icmp_process                         0x08015f31   Thumb Code   430  net_icmp.o(i.net_icmp_process)
    net_icmp_send_echo                       0x080160f9   Thumb Code   142  net_icmp.o(i.net_icmp_send_echo)
    net_if_map_all                           0x08016199   Thumb Code     6  net_sys.o(i.net_if_map_all)
    net_igmp_collect_mcast                   0x080161a5   Thumb Code   104  net_igmp.o(i.net_igmp_collect_mcast)
    net_igmp_host_init                       0x08016211   Thumb Code    68  net_igmp.o(i.net_igmp_host_init)
    net_igmp_host_run                        0x08016259   Thumb Code    22  net_igmp.o(i.net_igmp_host_run)
    net_igmp_host_uninit                     0x08016275   Thumb Code    48  net_igmp.o(i.net_igmp_host_uninit)
    net_igmp_is_member                       0x080162ad   Thumb Code    28  net_igmp.o(i.net_igmp_is_member)
    net_igmp_process                         0x080162cd   Thumb Code   414  net_igmp.o(i.net_igmp_process)
    net_ip4_chk_frame                        0x08016479   Thumb Code   372  net_ip4.o(i.net_ip4_chk_frame)
    net_ip4_chksum                           0x08016605   Thumb Code    44  net_ip4.o(i.net_ip4_chksum)
    net_ip4_chksum_buf                       0x08016631   Thumb Code     6  net_ip4.o(i.net_ip4_chksum_buf)
    net_ip4_find_route                       0x08016639   Thumb Code   104  net_ip4.o(i.net_ip4_find_route)
    net_ip4_frag_add                         0x080166b9   Thumb Code   284  net_ip4_frag.o(i.net_ip4_frag_add)
    net_ip4_frag_get                         0x080167dd   Thumb Code   168  net_ip4_frag.o(i.net_ip4_frag_get)
    net_ip4_frag_init                        0x08016889   Thumb Code    12  net_ip4_frag.o(i.net_ip4_frag_init)
    net_ip4_frag_run                         0x08016899   Thumb Code    50  net_ip4_frag.o(i.net_ip4_frag_run)
    net_ip4_frag_uninit                      0x080168d5   Thumb Code    12  net_ip4_frag.o(i.net_ip4_frag_uninit)
    net_ip4_get_local                        0x080168e5   Thumb Code    40  net_ip4.o(i.net_ip4_get_local)
    net_ip4_init                             0x08016911   Thumb Code    22  net_ip4.o(i.net_ip4_init)
    net_ip4_is_onlink                        0x08016935   Thumb Code    32  net_ip4.o(i.net_ip4_is_onlink)
    net_ip4_is_subcast                       0x08016955   Thumb Code    38  net_ip4.o(i.net_ip4_is_subcast)
    net_ip4_reass_frame                      0x0801697b   Thumb Code    14  net_ip4.o(i.net_ip4_reass_frame)
    net_ip4_send_frame                       0x08016989   Thumb Code   340  net_ip4.o(i.net_ip4_send_frame)
    net_ip4_tx_offl_hl                       0x08016aed   Thumb Code    42  net_ip4.o(i.net_ip4_tx_offl_hl)
    net_ip4_uninit                           0x08016b19   Thumb Code    22  net_ip4.o(i.net_ip4_uninit)
    net_ip6_chk_frame                        0x08016b39   Thumb Code   236  net_ip6.o(i.net_ip6_chk_frame)
    net_ip6_chksum                           0x08016c39   Thumb Code    50  net_ip6.o(i.net_ip6_chksum)
    net_ip6_collect_mcast                    0x08016c6d   Thumb Code   118  net_ip6.o(i.net_ip6_collect_mcast)
    net_ip6_find_route                       0x08016ce9   Thumb Code    56  net_ip6.o(i.net_ip6_find_route)
    net_ip6_get_local                        0x08016d31   Thumb Code    74  net_ip6.o(i.net_ip6_get_local)
    net_ip6_init                             0x08016d85   Thumb Code    20  net_ip6.o(i.net_ip6_init)
    net_ip6_send_frame                       0x08016da1   Thumb Code   192  net_ip6.o(i.net_ip6_send_frame)
    net_ip6_tx_offl_hl                       0x08016e6d   Thumb Code    30  net_ip6.o(i.net_ip6_tx_offl_hl)
    net_ip6_uninit                           0x08016e8d   Thumb Code    20  net_ip6.o(i.net_ip6_uninit)
    net_itoa                                 0x08016ea9   Thumb Code     8  net_common.o(i.net_itoa)
    net_itoa_n0                              0x08016eb1   Thumb Code     6  net_common.o(i.net_itoa_n0)
    net_loop_iface_init                      0x08016eb9   Thumb Code    40  net_loopback.o(i.net_loop_iface_init)
    net_loop_iface_run                       0x08016ee9   Thumb Code   176  net_loopback.o(i.net_loop_iface_run)
    net_loop_iface_uninit                    0x08016fa5   Thumb Code    32  net_loopback.o(i.net_loop_iface_uninit)
    net_loop_send_frame                      0x08016fcd   Thumb Code   104  net_loopback.o(i.net_loop_send_frame)
    net_mem_alloc                            0x0801703d   Thumb Code   178  net_mem.o(i.net_mem_alloc)
    net_mem_avail                            0x080170fd   Thumb Code    22  net_mem.o(i.net_mem_avail)
    net_mem_free                             0x08017119   Thumb Code   152  net_mem.o(i.net_mem_free)
    net_mem_init                             0x080171bd   Thumb Code    98  net_mem.o(i.net_mem_init)
    net_mem_shrink                           0x0801722d   Thumb Code    62  net_mem.o(i.net_mem_shrink)
    net_mem_uninit                           0x08017275   Thumb Code    40  net_mem.o(i.net_mem_uninit)
    net_nbns_client_init                     0x080172a9   Thumb Code    82  net_nbns_client.o(i.net_nbns_client_init)
    net_nbns_client_uninit                   0x0801730d   Thumb Code    42  net_nbns_client.o(i.net_nbns_client_uninit)
    net_ndp_cache_find                       0x08017345   Thumb Code   438  net_ndp.o(i.net_ndp_cache_find)
    net_ndp_cache_refresh                    0x08017509   Thumb Code   112  net_ndp.o(i.net_ndp_cache_refresh)
    net_ndp_enqueue                          0x08017581   Thumb Code   108  net_ndp.o(i.net_ndp_enqueue)
    net_ndp_process                          0x080175f1   Thumb Code   872  net_ndp.o(i.net_ndp_process)
    net_path                                 0x08017965   Thumb Code    52  net_sys.o(i.net_path)
    net_ping_client_init                     0x0801799d   Thumb Code    22  net_ping_core.o(i.net_ping_client_init)
    net_ping_client_run                      0x080179bd   Thumb Code   110  net_ping_core.o(i.net_ping_client_run)
    net_ping_client_uninit                   0x08017a3d   Thumb Code    24  net_ping_core.o(i.net_ping_client_uninit)
    net_rand32                               0x08017a5d   Thumb Code    18  net_sys.o(i.net_rand32)
    net_sntp_client_init                     0x08017a79   Thumb Code    80  net_sntp_client_core.o(i.net_sntp_client_init)
    net_sntp_client_run                      0x08017ad5   Thumb Code    76  net_sntp_client_core.o(i.net_sntp_client_run)
    net_sntp_client_start                    0x08017b2d   Thumb Code   312  net_sntp_client_core.o(i.net_sntp_client_start)
    net_sntp_client_uninit                   0x08017c75   Thumb Code    24  net_sntp_client_core.o(i.net_sntp_client_uninit)
    net_strcasecmp                           0x08017c95   Thumb Code    46  net_common.o(i.net_strcasecmp)
    net_strcmp                               0x08017cc3   Thumb Code    26  net_common.o(i.net_strcmp)
    net_strcpy                               0x08017cdd   Thumb Code    18  net_common.o(i.net_strcpy)
    net_strnchr                              0x08017cef   Thumb Code    28  net_common.o(i.net_strnchr)
    net_strncpy                              0x08017d0b   Thumb Code    26  net_common.o(i.net_strncpy)
    net_strtoupper                           0x08017d25   Thumb Code    32  net_common.o(i.net_strtoupper)
    net_sys_lock                             0x08017d45   Thumb Code     8  net_sys.o(i.net_sys_lock)
    net_sys_resume                           0x08017d51   Thumb Code    22  net_sys.o(i.net_sys_resume)
    net_sys_tick                             0x08017d69   Thumb Code    16  net_sys.o(i.net_sys_tick)
    net_sys_unlock                           0x08017d7d   Thumb Code     8  net_sys.o(i.net_sys_unlock)
    net_sys_wakeup                           0x08017d89   Thumb Code    26  net_sys.o(i.net_sys_wakeup)
    net_tcp_abort                            0x08017da9   Thumb Code   122  net_tcp.o(i.net_tcp_abort)
    net_tcp_close                            0x08017e2d   Thumb Code   218  net_tcp.o(i.net_tcp_close)
    net_tcp_get_buf                          0x08017f11   Thumb Code    46  net_tcp.o(i.net_tcp_get_buf)
    net_tcp_get_local_port                   0x08017f41   Thumb Code    48  net_tcp.o(i.net_tcp_get_local_port)
    net_tcp_get_mss                          0x08017f75   Thumb Code    34  net_tcp.o(i.net_tcp_get_mss)
    net_tcp_get_peer                         0x08017f9d   Thumb Code    80  net_tcp.o(i.net_tcp_get_peer)
    net_tcp_get_socket                       0x08017ff1   Thumb Code   104  net_tcp.o(i.net_tcp_get_socket)
    net_tcp_get_state                        0x08018061   Thumb Code    40  net_tcp.o(i.net_tcp_get_state)
    net_tcp_get_timer                        0x0801808d   Thumb Code    48  net_tcp.o(i.net_tcp_get_timer)
    net_tcp_listen                           0x080180c1   Thumb Code   168  net_tcp.o(i.net_tcp_listen)
    net_tcp_process                          0x08018171   Thumb Code  1956  net_tcp.o(i.net_tcp_process)
    net_tcp_send                             0x08018919   Thumb Code   336  net_tcp.o(i.net_tcp_send)
    net_tcp_set_option                       0x08018a75   Thumb Code   288  net_tcp.o(i.net_tcp_set_option)
    net_tcp_socket_init                      0x08018ba1   Thumb Code    30  net_tcp.o(i.net_tcp_socket_init)
    net_tcp_socket_run                       0x08018bc9   Thumb Code   938  net_tcp.o(i.net_tcp_socket_run)
    net_tcp_socket_uninit                    0x08018f89   Thumb Code    30  net_tcp.o(i.net_tcp_socket_uninit)
    net_udp_close                            0x08018fb1   Thumb Code    62  net_udp.o(i.net_udp_close)
    net_udp_get_buf                          0x08018ff9   Thumb Code    46  net_udp.o(i.net_udp_get_buf)
    net_udp_get_socket                       0x08019029   Thumb Code   102  net_udp.o(i.net_udp_get_socket)
    net_udp_open                             0x08019099   Thumb Code   160  net_udp.o(i.net_udp_open)
    net_udp_process                          0x08019145   Thumb Code   322  net_udp.o(i.net_udp_process)
    net_udp_send                             0x0801929d   Thumb Code    18  net_udp.o(i.net_udp_send)
    net_udp_send_if                          0x080192b1   Thumb Code   540  net_udp.o(i.net_udp_send_if)
    net_udp_socket_init                      0x080194dd   Thumb Code    30  net_udp.o(i.net_udp_socket_init)
    net_udp_socket_uninit                    0x08019501   Thumb Code    28  net_udp.o(i.net_udp_socket_uninit)
    net_ultoa                                0x08019525   Thumb Code     8  net_common.o(i.net_ultoa)
    net_ultox                                0x0801952d   Thumb Code    44  net_common.o(i.net_ultox)
    net_xtoul                                0x0801955d   Thumb Code    76  net_common.o(i.net_xtoul)
    app_main_attr                            0x0801a204   Data          36  http_server.o(.constdata)
    imageLastModified                        0x0801a228   Data           4  web.o(.constdata)
    Arial12x12                               0x08020ad8   Data        2425  spi.o(.constdata)
    ntp_server                               0x08021452   Data           8  thrtc.o(.constdata)
    osRtxUserSVC                             0x080214bc   Data           4  rtx_lib.o(.constdata)
    Driver_ETH_PHY0                          0x080214c4   Data          32  phy_lan8742a.o(.constdata)
    Driver_ETH_MAC0                          0x08021534   Data          68  emac_stm32f4xx.o(.constdata)
    Driver_SPI1                              0x080215cc   Data          44  spi_stm32f4xx.o(.constdata)
    EventRecorderInfo                        0x080215f8   Data          24  eventrecorder.o(.constdata)
    AHBPrescTable                            0x08021618   Data          16  system_stm32f4xx.o(.constdata)
    APBPrescTable                            0x08021628   Data           8  system_stm32f4xx.o(.constdata)
    net_sys_config                           0x080216d8   Data          28  net_config.o(.constdata)
    net_eth0_if_config                       0x0802174c   Data          44  net_config.o(.constdata)
    net_eth_list                             0x08021778   Data           8  net_config.o(.constdata)
    net_if_list_lan                          0x08021780   Data           8  net_config.o(.constdata)
    net_if_list_all                          0x08021788   Data           8  net_config.o(.constdata)
    net_if_inet_def                          0x08021790   Data           8  net_config.o(.constdata)
    net_if_link_def                          0x08021798   Data           8  net_config.o(.constdata)
    net_arp_list                             0x080217a0   Data           8  net_config.o(.constdata)
    net_icmp_list                            0x080217a8   Data           8  net_config.o(.constdata)
    net_igmp_list                            0x080217b0   Data           8  net_config.o(.constdata)
    net_icmp6_list                           0x080217b8   Data           4  net_config.o(.constdata)
    net_ip4_frag_config                      0x080217bc   Data           8  net_config.o(.constdata)
    net_udp_config                           0x080217c4   Data          12  net_config.o(.constdata)
    net_tcp_config                           0x080217d0   Data          24  net_config.o(.constdata)
    net_http_config                          0x080217e8   Data          52  net_config.o(.constdata)
    net_sntp_config                          0x0802181c   Data           8  net_config.o(.constdata)
    net_sys_fn_uninit                        0x0802187c   Data          48  net_config.o(.constdata)
    netif_getopt_func                        0x080218ac   Data          16  net_config.o(.constdata)
    netif_setopt_func                        0x080218bc   Data          16  net_config.o(.constdata)
    net_loop_if_config                       0x080218d4   Data          44  net_loopback.o(.constdata)
    net_ping_payload                         0x08021a0e   Data          18  net_ping_core.o(.constdata)
    net_addr_unspec                          0x08021a20   Data          16  net_addr.o(.constdata)
    net_addr_bcast                           0x08021a30   Data           6  net_addr.o(.constdata)
    net_addr4_loopback                       0x08021a36   Data           4  net_ip4.o(.constdata)
    net_addr6_all_nodes                      0x08021a3a   Data          16  net_ip6.o(.constdata)
    net_addr6_loopback                       0x08021a4a   Data          16  net_ip6.o(.constdata)
    net_http_error                           0x08021a5c   Data          24  net_http_server_err.o(.constdata)
    net_lib_version                          0x08021a84   Data           4  net_version.o(.constdata)
    network_ip4ip6_debug_v7.15.0             0x08021a84   Data           4  net_version.o(.constdata)
    osRtxConfig                              0x08021e54   Data         112  rtx_lib.o(.rodata)
    os_cb_sections                           0x08021ec4   Data          56  rtx_lib.o(.rodata)
    Region$$Table$$Base                      0x08021efc   Number         0  anon$$obj.o(Region$$Table)
    Region$$Table$$Limit                     0x08021f2c   Number         0  anon$$obj.o(Region$$Table)
    .bss.os.msgqueue.cb$$Base                0x20008044   Number         0  rtx_lib.o(.bss.os.msgqueue.cb)
    .bss.os.msgqueue.cb$$Limit               0x20008078   Number         0  rtx_lib.o(.bss.os.msgqueue.cb)
    .bss.os.mutex.cb$$Base                   0x200080c8   Number         0  net_config.o(.bss.os.mutex.cb)
    .bss.os.mutex.cb$$Limit                  0x20008100   Number         0  net_config.o(.bss.os.mutex.cb)
    .bss.os.semaphore.cb$$Base               0x20008100   Number         0  net_config.o(.bss.os.semaphore.cb)
    .bss.os.semaphore.cb$$Limit              0x20008110   Number         0  net_config.o(.bss.os.semaphore.cb)
    .bss.os.thread.cb$$Base                  0x20008110   Number         0  rtx_lib.o(.bss.os.thread.cb)
    .bss.os.thread.cb$$Limit                 0x20008220   Number         0  net_config.o(.bss.os.thread.cb)
    .bss.os.timer.cb$$Base                   0x20008620   Number         0  net_config.o(.bss.os.timer.cb)
    .bss.os.timer.cb$$Limit                  0x20008640   Number         0  net_config.o(.bss.os.timer.cb)
    thLed                                    0x20008648   Data           4  http_server.o(.data)
    tim_id1                                  0x2000864c   Data           4  http_server.o(.data)
    tim_sleepMode                            0x20008650   Data           4  http_server.o(.data)
    exec1                                    0x20008654   Data           4  http_server.o(.data)
    exec3                                    0x20008658   Data           4  http_server.o(.data)
    flaglinea                                0x2000865d   Data           1  http_server_cgi.o(.data)
    positionL1                               0x20008668   Data           2  spi.o(.data)
    positionL2                               0x2000866a   Data           2  spi.o(.data)
    SPIsrv                                   0x2000866c   Data           4  spi.o(.data)
    thLCD                                    0x20008670   Data           4  thlcd.o(.data)
    msglcd                                   0x20008674   Data           4  thlcd.o(.data)
    thADC                                    0x20008678   Data           4  thadc.o(.data)
    msgadc                                   0x2000867c   Data           4  thadc.o(.data)
    auxcont                                  0x20008680   Data           1  thrtc.o(.data)
    fblink                                   0x20008681   Data           1  thrtc.o(.data)
    thRTC                                    0x20008684   Data           4  thrtc.o(.data)
    msgrtc                                   0x20008688   Data           4  thrtc.o(.data)
    tim_idRTC                                0x2000868c   Data           4  thrtc.o(.data)
    tim_BLINK                                0x20008690   Data           4  thrtc.o(.data)
    exec2                                    0x20008694   Data           4  thrtc.o(.data)
    ITM_RxBuffer                             0x20008698   Data           4  retarget_io.o(.data)
    uwTickFreq                               0x2000869c   Data           1  stm32f4xx_hal.o(.data)
    uwTickPrio                               0x200086a0   Data           4  stm32f4xx_hal.o(.data)
    uwTick                                   0x200086a4   Data           4  stm32f4xx_hal.o(.data)
    SystemCoreClock                          0x200086a8   Data           4  system_stm32f4xx.o(.data)
    net_eth0_igmp_control                    0x200086ba   Data           4  net_igmp.o(.data)
    net_eth0_icmp_control                    0x200086c8   Data           1  net_icmp.o(.data)
    __stdout                                 0x200086ec   Data           4  stdout.o(.data)
    __stderr                                 0x200086f0   Data           4  stderr.o(.data)
    osRtxInfo                                0x200086f4   Data         164  rtx_kernel.o(.data.os)
    app_main_stk                             0x20008798   Data        1024  http_server.o(.bss)
    qLCD                                     0x20008b98   Data         258  http_server_cgi.o(.bss)
    horario                                  0x20008c9a   Data         100  http_server_cgi.o(.bss)
    timer7                                   0x20008d38   Data          64  spi.o(.bss)
    buffer                                   0x20008d78   Data         512  spi.o(.bss)
    colaLCD                                  0x20008f78   Data         258  thlcd.o(.bss)
    adchandle                                0x2000907c   Data          72  thadc.o(.bss)
    RtcHandle                                0x200090c4   Data          32  rtc.o(.bss)
    fechas                                   0x200090e4   Data         100  thrtc.o(.bss)
    ts                                       0x20009148   Data          44  thrtc.o(.bss)
    net_eth0_if_control                      0x2000f250   Data         160  net_eth.o(.bss)
    net_eth0_arp_control                     0x2000f2f0   Data          24  net_arp.o(.bss)
    net_http_control                         0x2000f3a8   Data          20  net_http_server.o(.bss)
    net_sntp_control                         0x2000f3bc   Data          44  net_sntp_client_core.o(.bss)
    net_ping_control                         0x2000f3e8   Data          44  net_ping_core.o(.bss)
    net_sys_control                          0x2000f424   Data          28  net_sys.o(.bss)
    net_dbg_buf                              0x2000f44c   Data          36  net_sys.o(.bss)
    __initial_sp                             0x2000f910   Data           0  startup_stm32f429xx.o(STACK)



==============================================================================

Memory Map of the image

  Image Entry point : 0x080001ad

  Load Region LR_IROM1 (Base: 0x08000000, Size: 0x0002a6c4, Max: 0x00200000, ABSOLUTE, COMPRESSED[0x0002205c])

    Execution Region ER_IROM1 (Exec base: 0x08000000, Load base: 0x08000000, Size: 0x00021f2c, Max: 0x00200000, ABSOLUTE)

    Exec Addr    Load Addr    Size         Type   Attr      Idx    E Section Name        Object

    0x08000000   0x08000000   0x000001ac   Data   RO         1745    RESET               startup_stm32f429xx.o
    0x080001ac   0x080001ac   0x00000000   Code   RO         2855  * .ARM.Collect$$$$00000000  mc_w.l(entry.o)
    0x080001ac   0x080001ac   0x00000004   Code   RO         3155    .ARM.Collect$$$$00000001  mc_w.l(entry2.o)
    0x080001b0   0x080001b0   0x00000004   Code   RO         3158    .ARM.Collect$$$$00000004  mc_w.l(entry5.o)
    0x080001b4   0x080001b4   0x00000000   Code   RO         3160    .ARM.Collect$$$$00000008  mc_w.l(entry7b.o)
    0x080001b4   0x080001b4   0x00000000   Code   RO         3162    .ARM.Collect$$$$0000000A  mc_w.l(entry8b.o)
    0x080001b4   0x080001b4   0x00000008   Code   RO         3163    .ARM.Collect$$$$0000000B  mc_w.l(entry9a.o)
    0x080001bc   0x080001bc   0x00000004   Code   RO         3170    .ARM.Collect$$$$0000000E  mc_w.l(entry12b.o)
    0x080001c0   0x080001c0   0x00000000   Code   RO         3165    .ARM.Collect$$$$0000000F  mc_w.l(entry10a.o)
    0x080001c0   0x080001c0   0x00000000   Code   RO         3167    .ARM.Collect$$$$00000011  mc_w.l(entry11a.o)
    0x080001c0   0x080001c0   0x00000004   Code   RO         3156    .ARM.Collect$$$$00002712  mc_w.l(entry2.o)
    0x080001c4   0x080001c4   0x00000148   Code   RO          836    .emb_text           rtx_mempool.o
    0x0800030c   0x0800030c   0x00000148   Code   RO          867    .emb_text           rtx_msgqueue.o
    0x08000454   0x08000454   0x00000148   Code   RO          932    .emb_text           rtx_semaphore.o
    0x0800059c   0x0800059c   0x00000148   Code   RO          963    .emb_text           rtx_system.o
    0x080006e4   0x080006e4   0x00000148   Code   RO          997    .emb_text           rtx_thread.o
    0x0800082c   0x0800082c   0x00000074   Code   RO         1215    .emb_text           eventrecorder.o
    0x080008a0   0x080008a0   0x00000110   Code   RO            4    .text               main.o
    0x080009b0   0x080009b0   0x00000218   Code   RO          153    .text               http_server.o
    0x08000bc8   0x08000bc8   0x000006f0   Code   RO          229    .text               http_server_cgi.o
    0x080012b8   0x080012b8   0x00000078   Code   RO          272    .text               web.o
    0x08001330   0x08001330   0x000003cc   Code   RO          292    .text               spi.o
    0x080016fc   0x080016fc   0x00000078   Code   RO          325    .text               thlcd.o
    0x08001774   0x08001774   0x000000d8   Code   RO          353    .text               adc.o
    0x0800184c   0x0800184c   0x0000006c   Code   RO          377    .text               thadc.o
    0x080018b8   0x080018b8   0x0000018c   Code   RO          405    .text               rtc.o
    0x08001a44   0x08001a44   0x00000144   Code   RO          443    .text               thrtc.o
    0x08001b88   0x08001b88   0x0000000c   Code   RO          474    .text               stm32f4xx_it.o
    0x08001b94   0x08001b94   0x000002f0   Code   RO          501    .text               stopmode.o
    0x08001e84   0x08001e84   0x00000094   Code   RO          578    .text               irq_armv7m.o
    0x08001f18   0x08001f18   0x00000104   Code   RO          586    .text               rtx_delay.o
    0x0800201c   0x0800201c   0x00000958   Code   RO          684    .text               rtx_evr.o
    0x08002974   0x08002974   0x000006cc   Code   RO          709    .text               rtx_kernel.o
    0x08003040   0x08003040   0x00000018   Code   RO          757    .text               rtx_lib.o
    0x08003058   0x08003058   0x00000124   Code   RO          806    .text               rtx_memory.o
    0x0800317c   0x0800317c   0x00000678   Code   RO          837    .text               rtx_mempool.o
    0x080037f4   0x080037f4   0x000009bc   Code   RO          868    .text               rtx_msgqueue.o
    0x080041b0   0x080041b0   0x00000558   Code   RO          902    .text               rtx_mutex.o
    0x08004708   0x08004708   0x00000450   Code   RO          933    .text               rtx_semaphore.o
    0x08004b58   0x08004b58   0x00000154   Code   RO          964    .text               rtx_system.o
    0x08004cac   0x08004cac   0x000011d4   Code   RO          998    .text               rtx_thread.o
    0x08005e80   0x08005e80   0x00000480   Code   RO         1032    .text               rtx_timer.o
    0x08006300   0x08006300   0x000000c4   Code   RO         1062    .text               os_systick.o
    0x080063c4   0x080063c4   0x00000004   Code   RO         1088    .text               rtx_config.o
    0x080063c8   0x080063c8   0x000001ac   Code   RO         1109    .text               phy_lan8742a.o
    0x08006574   0x08006574   0x000009e8   Code   RO         1137    .text               emac_stm32f4xx.o
    0x08006f5c   0x08006f5c   0x00000c5c   Code   RO         1176    .text               spi_stm32f4xx.o
    0x08007bb8   0x08007bb8   0x00000538   Code   RO         1216    .text               eventrecorder.o
    0x080080f0   0x080080f0   0x000000f0   Code   RO         1247    .text               retarget_io.o
    0x080081e0   0x080081e0   0x000001c8   Code   RO         1279    .text               stm32f4xx_hal.o
    0x080083a8   0x080083a8   0x00000ab8   Code   RO         1309    .text               stm32f4xx_hal_adc.o
    0x08008e60   0x08008e60   0x00000724   Code   RO         1333    .text               stm32f4xx_hal_adc_ex.o
    0x08009584   0x08009584   0x00000298   Code   RO         1357    .text               stm32f4xx_hal_cortex.o
    0x0800981c   0x0800981c   0x00000718   Code   RO         1385    .text               stm32f4xx_hal_dma.o
    0x08009f34   0x08009f34   0x00000c28   Code   RO         1434    .text               stm32f4xx_hal_eth.o
    0x0800ab5c   0x0800ab5c   0x00000364   Code   RO         1458    .text               stm32f4xx_hal_gpio.o
    0x0800aec0   0x0800aec0   0x00000178   Code   RO         1482    .text               stm32f4xx_hal_pwr.o
    0x0800b038   0x0800b038   0x00000760   Code   RO         1530    .text               stm32f4xx_hal_rcc.o
    0x0800b798   0x0800b798   0x000005e4   Code   RO         1554    .text               stm32f4xx_hal_rcc_ex.o
    0x0800bd7c   0x0800bd7c   0x00000970   Code   RO         1578    .text               stm32f4xx_hal_rtc.o
    0x0800c6ec   0x0800c6ec   0x00000b0c   Code   RO         1602    .text               stm32f4xx_hal_rtc_ex.o
    0x0800d1f8   0x0800d1f8   0x000023d2   Code   RO         1674    .text               stm32f4xx_hal_tim.o
    0x0800f5ca   0x0800f5ca   0x00000002   PAD
    0x0800f5cc   0x0800f5cc   0x00000bb0   Code   RO         1698    .text               stm32f4xx_hal_tim_ex.o
    0x0801017c   0x0801017c   0x00000024   Code   RO         1746    .text               startup_stm32f429xx.o
    0x080101a0   0x080101a0   0x00000094   Code   RO         1753    .text               system_stm32f4xx.o
    0x08010234   0x08010234   0x00000164   Code   RO         1782    .text               net_config.o
    0x08010398   0x08010398   0x00000152   Code   RO         1877    .text               net_debug.o
    0x080104ea   0x080104ea   0x00000062   Code   RO         2864    .text               mc_w.l(uldiv.o)
    0x0801054c   0x0801054c   0x00000094   Code   RO         2866    .text               mc_w.l(localtime.o)
    0x080105e0   0x080105e0   0x00000024   Code   RO         2870    .text               mc_w.l(memcpya.o)
    0x08010604   0x08010604   0x00000024   Code   RO         2872    .text               mc_w.l(memseta.o)
    0x08010628   0x08010628   0x0000000e   Code   RO         2874    .text               mc_w.l(strlen.o)
    0x08010636   0x08010636   0x0000001c   Code   RO         2876    .text               mc_w.l(strcmp.o)
    0x08010652   0x08010652   0x0000001a   Code   RO         2878    .text               mc_w.l(memcmp.o)
    0x0801066c   0x0801066c   0x00000012   Code   RO         2880    .text               mc_w.l(strcpy.o)
    0x0801067e   0x0801067e   0x0000001e   Code   RO         2882    .text               mc_w.l(strncmp.o)
    0x0801069c   0x0801069c   0x00000064   Code   RO         3147    .text               mf_w.l(fmul.o)
    0x08010700   0x08010700   0x0000002e   Code   RO         3149    .text               mf_w.l(dscalb.o)
    0x0801072e   0x0801072e   0x0000000a   Code   RO         3151    .text               mf_w.l(ffltui.o)
    0x08010738   0x08010738   0x00000026   Code   RO         3153    .text               mf_w.l(f2d.o)
    0x0801075e   0x0801075e   0x0000002c   Code   RO         3171    .text               mc_w.l(uidiv.o)
    0x0801078a   0x0801078a   0x0000001e   Code   RO         3173    .text               mc_w.l(llshl.o)
    0x080107a8   0x080107a8   0x00000020   Code   RO         3175    .text               mc_w.l(llushr.o)
    0x080107c8   0x080107c8   0x00000000   Code   RO         3177    .text               mc_w.l(iusefp.o)
    0x080107c8   0x080107c8   0x0000006e   Code   RO         3178    .text               mf_w.l(fepilogue.o)
    0x08010836   0x08010836   0x0000014e   Code   RO         3180    .text               mf_w.l(dadd.o)
    0x08010984   0x08010984   0x000000e4   Code   RO         3182    .text               mf_w.l(dmul.o)
    0x08010a68   0x08010a68   0x000000de   Code   RO         3184    .text               mf_w.l(ddiv.o)
    0x08010b46   0x08010b46   0x00000030   Code   RO         3186    .text               mf_w.l(dfixul.o)
    0x08010b76   0x08010b76   0x00000002   PAD
    0x08010b78   0x08010b78   0x00000030   Code   RO         3188    .text               mf_w.l(cdrcmple.o)
    0x08010ba8   0x08010ba8   0x00000024   Code   RO         3190    .text               mc_w.l(init.o)
    0x08010bcc   0x08010bcc   0x00000024   Code   RO         3192    .text               mc_w.l(llsshr.o)
    0x08010bf0   0x08010bf0   0x000000ba   Code   RO         3194    .text               mf_w.l(depilogue.o)
    0x08010caa   0x08010caa   0x0000003a   Code   RO         3203    .text               mc_w.l(__dczerorl.o)
    0x08010ce4   0x08010ce4   0x00000020   Code   RO         3119    i.__0printf         mc_w.l(printfa.o)
    0x08010d04   0x08010d04   0x00000028   Code   RO         3121    i.__0sprintf        mc_w.l(printfa.o)
    0x08010d2c   0x08010d2c   0x0000000e   Code   RO         3197    i.__scatterload_copy  mc_w.l(handlers.o)
    0x08010d3a   0x08010d3a   0x00000002   Code   RO         3198    i.__scatterload_null  mc_w.l(handlers.o)
    0x08010d3c   0x08010d3c   0x0000000e   Code   RO         3199    i.__scatterload_zeroinit  mc_w.l(handlers.o)
    0x08010d4a   0x08010d4a   0x00000002   PAD
    0x08010d4c   0x08010d4c   0x00000184   Code   RO         3126    i._fp_digits        mc_w.l(printfa.o)
    0x08010ed0   0x08010ed0   0x000006b4   Code   RO         3127    i._printf_core      mc_w.l(printfa.o)
    0x08011584   0x08011584   0x00000024   Code   RO         3128    i._printf_post_padding  mc_w.l(printfa.o)
    0x080115a8   0x080115a8   0x0000002e   Code   RO         3129    i._printf_pre_padding  mc_w.l(printfa.o)
    0x080115d6   0x080115d6   0x0000000a   Code   RO         3131    i._sputc            mc_w.l(printfa.o)
    0x080115e0   0x080115e0   0x00000054   Code   RO         2316    i.add_server_id     Net_Dbg_CM3_L.lib(net_http_server.o)
    0x08011634   0x08011634   0x0000005c   Code   RO         1963    i.arp_cache_alloc   Net_Dbg_CM3_L.lib(net_arp.o)
    0x08011690   0x08011690   0x00000170   Code   RO         1964    i.arp_cache_run     Net_Dbg_CM3_L.lib(net_arp.o)
    0x08011800   0x08011800   0x00000038   Code   RO         1965    i.arp_is_cacheable  Net_Dbg_CM3_L.lib(net_arp.o)
    0x08011838   0x08011838   0x00000088   Code   RO         1966    i.arp_probe_run     Net_Dbg_CM3_L.lib(net_arp.o)
    0x080118c0   0x080118c0   0x000000d8   Code   RO         1968    i.arp_proc_response  Net_Dbg_CM3_L.lib(net_arp.o)
    0x08011998   0x08011998   0x0000001a   Code   RO         1969    i.arp_que_free      Net_Dbg_CM3_L.lib(net_arp.o)
    0x080119b2   0x080119b2   0x00000002   PAD
    0x080119b4   0x080119b4   0x000000a0   Code   RO         1970    i.arp_send_reply    Net_Dbg_CM3_L.lib(net_arp.o)
    0x08011a54   0x08011a54   0x000000d0   Code   RO         1971    i.arp_send_request  Net_Dbg_CM3_L.lib(net_arp.o)
    0x08011b24   0x08011b24   0x00000068   Code   RO         1972    i.arp_sender_valid  Net_Dbg_CM3_L.lib(net_arp.o)
    0x08011b8c   0x08011b8c   0x0000018c   Code   RO         2317    i.chk_post_req      Net_Dbg_CM3_L.lib(net_http_server.o)
    0x08011d18   0x08011d18   0x00000028   Code   RO         2795    i.crc32_8bit        Net_Dbg_CM3_L.lib(net_common.o)
    0x08011d40   0x08011d40   0x0000009a   Code   RO         1907    i.eth_check_link    Net_Dbg_CM3_L.lib(net_eth.o)
    0x08011dda   0x08011dda   0x00000002   PAD
    0x08011ddc   0x08011ddc   0x00000020   Code   RO         1908    i.eth_if_map        Net_Dbg_CM3_L.lib(net_eth.o)
    0x08011dfc   0x08011dfc   0x00000304   Code   RO         1909    i.eth_iface_init    Net_Dbg_CM3_L.lib(net_eth.o)
    0x08012100   0x08012100   0x00000290   Code   RO         1910    i.eth_iface_run     Net_Dbg_CM3_L.lib(net_eth.o)
    0x08012390   0x08012390   0x0000007c   Code   RO         1911    i.eth_iface_uninit  Net_Dbg_CM3_L.lib(net_eth.o)
    0x0801240c   0x0801240c   0x00000008   Code   RO         1912    i.eth_lock          Net_Dbg_CM3_L.lib(net_eth.o)
    0x08012414   0x08012414   0x0000001c   Code   RO         1913    i.eth_mtu_limit     Net_Dbg_CM3_L.lib(net_eth.o)
    0x08012430   0x08012430   0x00000048   Code   RO         1914    i.eth_opt_len       Net_Dbg_CM3_L.lib(net_eth.o)
    0x08012478   0x08012478   0x00000088   Code   RO         1915    i.eth_receive       Net_Dbg_CM3_L.lib(net_eth.o)
    0x08012500   0x08012500   0x00000008   Code   RO         1916    i.eth_unlock        Net_Dbg_CM3_L.lib(net_eth.o)
    0x08012508   0x08012508   0x00000018   Code   RO         2858    i.fputs             mc_w.l(fputs.o)
    0x08012520   0x08012520   0x0000007c   Code   RO         2080    i.frag_map_session  Net_Dbg_CM3_L.lib(net_ip4_frag.o)
    0x0801259c   0x0801259c   0x00000028   Code   RO         2318    i.get_next_field    Net_Dbg_CM3_L.lib(net_http_server.o)
    0x080125c4   0x080125c4   0x00000032   Code   RO         2319    i.get_next_par      Net_Dbg_CM3_L.lib(net_http_server.o)
    0x080125f6   0x080125f6   0x00000022   Code   RO         2320    i.hex2byte          Net_Dbg_CM3_L.lib(net_http_server.o)
    0x08012618   0x08012618   0x0000036c   Code   RO         2321    i.http_add_header   Net_Dbg_CM3_L.lib(net_http_server.o)
    0x08012984   0x08012984   0x000001cc   Code   RO         2322    i.http_error_msg    Net_Dbg_CM3_L.lib(net_http_server.o)
    0x08012b50   0x08012b50   0x00000078   Code   RO         2323    i.http_get_ftype    Net_Dbg_CM3_L.lib(net_http_server.o)
    0x08012bc8   0x08012bc8   0x0000005e   Code   RO         2324    i.http_kill_session  Net_Dbg_CM3_L.lib(net_http_server.o)
    0x08012c26   0x08012c26   0x00000002   PAD
    0x08012c28   0x08012c28   0x000002a8   Code   RO         2325    i.http_listener     Net_Dbg_CM3_L.lib(net_http_server.o)
    0x08012ed0   0x08012ed0   0x00000184   Code   RO         2326    i.http_open_file    Net_Dbg_CM3_L.lib(net_http_server.o)
    0x08013054   0x08013054   0x0000011c   Code   RO         2327    i.http_parse_header  Net_Dbg_CM3_L.lib(net_http_server.o)
    0x08013170   0x08013170   0x000001a8   Code   RO         2328    i.http_proc_multipart  Net_Dbg_CM3_L.lib(net_http_server.o)
    0x08013318   0x08013318   0x00000138   Code   RO         2329    i.http_proc_post    Net_Dbg_CM3_L.lib(net_http_server.o)
    0x08013450   0x08013450   0x00000468   Code   RO         2330    i.http_server_run   Net_Dbg_CM3_L.lib(net_http_server.o)
    0x080138b8   0x080138b8   0x00000060   Code   RO         2331    i.http_server_start  Net_Dbg_CM3_L.lib(net_http_server.o)
    0x08013918   0x08013918   0x00000020   Code   RO         2333    i.http_strcpy       Net_Dbg_CM3_L.lib(net_http_server.o)
    0x08013938   0x08013938   0x000000ac   Code   RO         2334    i.http_to_utc       Net_Dbg_CM3_L.lib(net_http_server.o)
    0x080139e4   0x080139e4   0x0000001a   Code   RO         2796    i.i2str             Net_Dbg_CM3_L.lib(net_common.o)
    0x080139fe   0x080139fe   0x00000002   PAD
    0x08013a00   0x08013a00   0x0000009c   Code   RO         2030    i.igmp_host_run     Net_Dbg_CM3_L.lib(net_igmp.o)
    0x08013a9c   0x08013a9c   0x00000024   Code   RO         2031    i.igmp_map_group    Net_Dbg_CM3_L.lib(net_igmp.o)
    0x08013ac0   0x08013ac0   0x00000070   Code   RO         2032    i.igmp_send_report  Net_Dbg_CM3_L.lib(net_igmp.o)
    0x08013b30   0x08013b30   0x0000000c   Code   RO         2673    i.ip4_get_chksum    Net_Dbg_CM3_L.lib(net_ip4.o)
    0x08013b3c   0x08013b3c   0x00000028   Code   RO         2674    i.ip4_get_mtu       Net_Dbg_CM3_L.lib(net_ip4.o)
    0x08013b64   0x08013b64   0x00000040   Code   RO         2536    i.ip4_ntoa          Net_Dbg_CM3_L.lib(net_addr.o)
    0x08013ba4   0x08013ba4   0x000000ca   Code   RO         2537    i.ip6_ntoa          Net_Dbg_CM3_L.lib(net_addr.o)
    0x08013c6e   0x08013c6e   0x00000002   PAD
    0x08013c70   0x08013c70   0x0000000c   Code   RO         2772    i.mem_lock          Net_Dbg_CM3_L.lib(net_mem.o)
    0x08013c7c   0x08013c7c   0x0000000c   Code   RO         2773    i.mem_unlock        Net_Dbg_CM3_L.lib(net_mem.o)
    0x08013c88   0x08013c88   0x000001a4   Code   RO         2302    i.nbns_listener     Net_Dbg_CM3_L.lib(net_nbns_client.o)
    0x08013e2c   0x08013e2c   0x00000120   Code   RO         2603    i.ndp_cache_add     Net_Dbg_CM3_L.lib(net_ndp.o)
    0x08013f4c   0x08013f4c   0x00000072   Code   RO         2604    i.ndp_cache_alloc   Net_Dbg_CM3_L.lib(net_ndp.o)
    0x08013fbe   0x08013fbe   0x00000002   PAD
    0x08013fc0   0x08013fc0   0x00000078   Code   RO         2605    i.ndp_cache_delete  Net_Dbg_CM3_L.lib(net_ndp.o)
    0x08014038   0x08014038   0x0000002c   Code   RO         2607    i.ndp_check_frame   Net_Dbg_CM3_L.lib(net_ndp.o)
    0x08014064   0x08014064   0x00000012   Code   RO         2608    i.ndp_next_opt      Net_Dbg_CM3_L.lib(net_ndp.o)
    0x08014076   0x08014076   0x00000002   PAD
    0x08014078   0x08014078   0x000000e4   Code   RO         2609    i.ndp_prefix_add    Net_Dbg_CM3_L.lib(net_ndp.o)
    0x0801415c   0x0801415c   0x000000fc   Code   RO         2612    i.ndp_proc_response  Net_Dbg_CM3_L.lib(net_ndp.o)
    0x08014258   0x08014258   0x0000001a   Code   RO         2613    i.ndp_que_free      Net_Dbg_CM3_L.lib(net_ndp.o)
    0x08014272   0x08014272   0x00000002   PAD
    0x08014274   0x08014274   0x00000038   Code   RO         2614    i.ndp_router_remove  Net_Dbg_CM3_L.lib(net_ndp.o)
    0x080142ac   0x080142ac   0x0000009c   Code   RO         2615    i.ndp_send_reply    Net_Dbg_CM3_L.lib(net_ndp.o)
    0x08014348   0x08014348   0x000000bc   Code   RO         2616    i.ndp_send_request  Net_Dbg_CM3_L.lib(net_ndp.o)
    0x08014404   0x08014404   0x00000004   Code   RO         2335    i.netCGI_Charset    Net_Dbg_CM3_L.lib(net_http_server.o)
    0x08014408   0x08014408   0x00000004   Code   RO         2336    i.netCGI_ContentType  Net_Dbg_CM3_L.lib(net_http_server.o)
    0x0801440c   0x0801440c   0x00000004   Code   RO         2337    i.netCGI_CustomHeader  Net_Dbg_CM3_L.lib(net_http_server.o)
    0x08014410   0x08014410   0x0000006c   Code   RO         2338    i.netCGI_GetEnvVar  Net_Dbg_CM3_L.lib(net_http_server.o)
    0x0801447c   0x0801447c   0x00000004   Code   RO         2341    i.netCGI_Redirect   Net_Dbg_CM3_L.lib(net_http_server.o)
    0x08014480   0x08014480   0x00000004   Code   RO         2343    i.netCGX_ContentType  Net_Dbg_CM3_L.lib(net_http_server.o)
    0x08014484   0x08014484   0x00000064   Code   RO         2486    i.netCore_Thread    Net_Dbg_CM3_L.lib(net_sys.o)
    0x080144e8   0x080144e8   0x00000002   Code   RO         1917    i.netETH_Notify     Net_Dbg_CM3_L.lib(net_eth.o)
    0x080144ea   0x080144ea   0x00000002   Code   RO         1918    i.netETH_ReceiveRaw  Net_Dbg_CM3_L.lib(net_eth.o)
    0x080144ec   0x080144ec   0x00000072   Code   RO         1920    i.netETH_Thread     Net_Dbg_CM3_L.lib(net_eth.o)
    0x0801455e   0x0801455e   0x00000004   Code   RO         2344    i.netHTTPs_AcceptClient  Net_Dbg_CM3_L.lib(net_http_server.o)
    0x08014562   0x08014562   0x00000004   Code   RO         2346    i.netHTTPs_FileAccess  Net_Dbg_CM3_L.lib(net_http_server.o)
    0x08014566   0x08014566   0x00000002   PAD
    0x08014568   0x08014568   0x00000020   Code   RO         2349    i.netHTTPs_GetLanguage  Net_Dbg_CM3_L.lib(net_http_server.o)
    0x08014588   0x08014588   0x0000000c   Code   RO         2350    i.netHTTPs_GetPassword  Net_Dbg_CM3_L.lib(net_http_server.o)
    0x08014594   0x08014594   0x0000000c   Code   RO         2356    i.netHTTPs_LoginActive  Net_Dbg_CM3_L.lib(net_http_server.o)
    0x080145a0   0x080145a0   0x00000058   Code   RO         2359    i.netHTTPs_SetPassword  Net_Dbg_CM3_L.lib(net_http_server.o)
    0x080145f8   0x080145f8   0x00000088   Code   RO         2487    i.netIF_GetOption   Net_Dbg_CM3_L.lib(net_sys.o)
    0x08014680   0x08014680   0x00000084   Code   RO         2489    i.netIF_SetOption   Net_Dbg_CM3_L.lib(net_sys.o)
    0x08014704   0x08014704   0x0000001a   Code   RO         2539    i.netIP_aton        Net_Dbg_CM3_L.lib(net_addr.o)
    0x0801471e   0x0801471e   0x00000032   Code   RO         2540    i.netIP_ntoa        Net_Dbg_CM3_L.lib(net_addr.o)
    0x08014750   0x08014750   0x000000ac   Code   RO         2490    i.netInitialize     Net_Dbg_CM3_L.lib(net_sys.o)
    0x080147fc   0x080147fc   0x0000008c   Code   RO         2541    i.netMAC_aton       Net_Dbg_CM3_L.lib(net_addr.o)
    0x08014888   0x08014888   0x0000001c   Code   RO         2439    i.netSNTPc_GetTime  Net_Dbg_CM3_L.lib(net_sntp_client_core.o)
    0x080148a4   0x080148a4   0x00000004   Code   RO         2183    i.netTCP_GetLocalPort  Net_Dbg_CM3_L.lib(net_tcp.o)
    0x080148a8   0x080148a8   0x00000020   Code   RO         2185    i.netTCP_GetPeer    Net_Dbg_CM3_L.lib(net_tcp.o)
    0x080148c8   0x080148c8   0x00000004   Code   RO         2187    i.netTCP_GetState   Net_Dbg_CM3_L.lib(net_tcp.o)
    0x080148cc   0x080148cc   0x00000004   Code   RO         2188    i.netTCP_GetTimer   Net_Dbg_CM3_L.lib(net_tcp.o)
    0x080148d0   0x080148d0   0x00000068   Code   RO         2493    i.netUninitialize   Net_Dbg_CM3_L.lib(net_sys.o)
    0x08014938   0x08014938   0x0000007c   Code   RO         2543    i.net_addr4_aton    Net_Dbg_CM3_L.lib(net_addr.o)
    0x080149b4   0x080149b4   0x0000001e   Code   RO         2545    i.net_addr4_to_mac  Net_Dbg_CM3_L.lib(net_addr.o)
    0x080149d2   0x080149d2   0x00000002   PAD
    0x080149d4   0x080149d4   0x000000e6   Code   RO         2546    i.net_addr6_aton    Net_Dbg_CM3_L.lib(net_addr.o)
    0x08014aba   0x08014aba   0x00000028   Code   RO         2547    i.net_addr6_comp    Net_Dbg_CM3_L.lib(net_addr.o)
    0x08014ae2   0x08014ae2   0x00000012   Code   RO         2548    i.net_addr6_copy    Net_Dbg_CM3_L.lib(net_addr.o)
    0x08014af4   0x08014af4   0x0000004c   Code   RO         2549    i.net_addr6_create  Net_Dbg_CM3_L.lib(net_addr.o)
    0x08014b40   0x08014b40   0x00000028   Code   RO         2550    i.net_addr6_get_solicited  Net_Dbg_CM3_L.lib(net_addr.o)
    0x08014b68   0x08014b68   0x00000018   Code   RO         2551    i.net_addr6_is_linklocal  Net_Dbg_CM3_L.lib(net_addr.o)
    0x08014b80   0x08014b80   0x0000006e   Code   RO         2552    i.net_addr6_is_onlink  Net_Dbg_CM3_L.lib(net_addr.o)
    0x08014bee   0x08014bee   0x00000048   Code   RO         2553    i.net_addr6_is_solicited  Net_Dbg_CM3_L.lib(net_addr.o)
    0x08014c36   0x08014c36   0x00000018   Code   RO         2554    i.net_addr6_is_unspec  Net_Dbg_CM3_L.lib(net_addr.o)
    0x08014c4e   0x08014c4e   0x0000000e   Code   RO         2556    i.net_addr6_to_mac  Net_Dbg_CM3_L.lib(net_addr.o)
    0x08014c5c   0x08014c5c   0x0000002c   Code   RO         2557    i.net_addr_comp     Net_Dbg_CM3_L.lib(net_addr.o)
    0x08014c88   0x08014c88   0x00000026   Code   RO         2558    i.net_addr_copy     Net_Dbg_CM3_L.lib(net_addr.o)
    0x08014cae   0x08014cae   0x0000001a   Code   RO         2559    i.net_addr_find_route  Net_Dbg_CM3_L.lib(net_addr.o)
    0x08014cc8   0x08014cc8   0x00000020   Code   RO         2561    i.net_addr_get_local  Net_Dbg_CM3_L.lib(net_addr.o)
    0x08014ce8   0x08014ce8   0x00000022   Code   RO         2562    i.net_addr_is_unspec  Net_Dbg_CM3_L.lib(net_addr.o)
    0x08014d0a   0x08014d0a   0x00000002   PAD
    0x08014d0c   0x08014d0c   0x0000011c   Code   RO         1980    i.net_arp_cache_add  Net_Dbg_CM3_L.lib(net_arp.o)
    0x08014e28   0x08014e28   0x000000bc   Code   RO         1981    i.net_arp_cache_early  Net_Dbg_CM3_L.lib(net_arp.o)
    0x08014ee4   0x08014ee4   0x000000ec   Code   RO         1982    i.net_arp_cache_find  Net_Dbg_CM3_L.lib(net_arp.o)
    0x08014fd0   0x08014fd0   0x00000048   Code   RO         1983    i.net_arp_cache_init  Net_Dbg_CM3_L.lib(net_arp.o)
    0x08015018   0x08015018   0x0000001c   Code   RO         1984    i.net_arp_cache_run  Net_Dbg_CM3_L.lib(net_arp.o)
    0x08015034   0x08015034   0x00000040   Code   RO         1985    i.net_arp_cache_uninit  Net_Dbg_CM3_L.lib(net_arp.o)
    0x08015074   0x08015074   0x00000078   Code   RO         1986    i.net_arp_enqueue   Net_Dbg_CM3_L.lib(net_arp.o)
    0x080150ec   0x080150ec   0x00000020   Code   RO         1988    i.net_arp_notify    Net_Dbg_CM3_L.lib(net_arp.o)
    0x0801510c   0x0801510c   0x00000224   Code   RO         1990    i.net_arp_process   Net_Dbg_CM3_L.lib(net_arp.o)
    0x08015330   0x08015330   0x00000042   Code   RO         2797    i.net_atoi          Net_Dbg_CM3_L.lib(net_common.o)
    0x08015372   0x08015372   0x00000030   Code   RO         2799    i.net_chksum_buf    Net_Dbg_CM3_L.lib(net_common.o)
    0x080153a2   0x080153a2   0x0000001e   Code   RO         2800    i.net_crc_buf       Net_Dbg_CM3_L.lib(net_common.o)
    0x080153c0   0x080153c0   0x0000000e   Code   RO         1921    i.net_eth_callback  Net_Dbg_CM3_L.lib(net_eth.o)
    0x080153ce   0x080153ce   0x00000068   Code   RO         1922    i.net_eth_config_mcast  Net_Dbg_CM3_L.lib(net_eth.o)
    0x08015436   0x08015436   0x000000ea   Code   RO         1924    i.net_eth_get_option  Net_Dbg_CM3_L.lib(net_eth.o)
    0x08015520   0x08015520   0x0000001c   Code   RO         1925    i.net_eth_iface_init  Net_Dbg_CM3_L.lib(net_eth.o)
    0x0801553c   0x0801553c   0x0000001c   Code   RO         1926    i.net_eth_iface_run  Net_Dbg_CM3_L.lib(net_eth.o)
    0x08015558   0x08015558   0x0000001c   Code   RO         1927    i.net_eth_iface_uninit  Net_Dbg_CM3_L.lib(net_eth.o)
    0x08015574   0x08015574   0x000000a8   Code   RO         1928    i.net_eth_output    Net_Dbg_CM3_L.lib(net_eth.o)
    0x0801561c   0x0801561c   0x000001e0   Code   RO         1929    i.net_eth_send_frame  Net_Dbg_CM3_L.lib(net_eth.o)
    0x080157fc   0x080157fc   0x00000270   Code   RO         1930    i.net_eth_set_option  Net_Dbg_CM3_L.lib(net_eth.o)
    0x08015a6c   0x08015a6c   0x000000e8   Code   RO         2365    i.net_http_server_init  Net_Dbg_CM3_L.lib(net_http_server.o)
    0x08015b54   0x08015b54   0x00000028   Code   RO         2366    i.net_http_server_run  Net_Dbg_CM3_L.lib(net_http_server.o)
    0x08015b7c   0x08015b7c   0x00000070   Code   RO         2367    i.net_http_server_uninit  Net_Dbg_CM3_L.lib(net_http_server.o)
    0x08015bec   0x08015bec   0x00000018   Code   RO         2745    i.net_icmp6_init    Net_Dbg_CM3_L.lib(net_icmp6.o)
    0x08015c04   0x08015c04   0x00000238   Code   RO         2746    i.net_icmp6_process  Net_Dbg_CM3_L.lib(net_icmp6.o)
    0x08015e3c   0x08015e3c   0x00000084   Code   RO         2747    i.net_icmp6_send    Net_Dbg_CM3_L.lib(net_icmp6.o)
    0x08015ec0   0x08015ec0   0x00000058   Code   RO         2748    i.net_icmp6_send_echo  Net_Dbg_CM3_L.lib(net_icmp6.o)
    0x08015f18   0x08015f18   0x00000018   Code   RO         2102    i.net_icmp_init     Net_Dbg_CM3_L.lib(net_icmp.o)
    0x08015f30   0x08015f30   0x000001c8   Code   RO         2103    i.net_icmp_process  Net_Dbg_CM3_L.lib(net_icmp.o)
    0x080160f8   0x080160f8   0x000000a0   Code   RO         2104    i.net_icmp_send_echo  Net_Dbg_CM3_L.lib(net_icmp.o)
    0x08016198   0x08016198   0x0000000c   Code   RO         2494    i.net_if_map_all    Net_Dbg_CM3_L.lib(net_sys.o)
    0x080161a4   0x080161a4   0x0000006c   Code   RO         2035    i.net_igmp_collect_mcast  Net_Dbg_CM3_L.lib(net_igmp.o)
    0x08016210   0x08016210   0x00000048   Code   RO         2036    i.net_igmp_host_init  Net_Dbg_CM3_L.lib(net_igmp.o)
    0x08016258   0x08016258   0x0000001c   Code   RO         2037    i.net_igmp_host_run  Net_Dbg_CM3_L.lib(net_igmp.o)
    0x08016274   0x08016274   0x00000038   Code   RO         2038    i.net_igmp_host_uninit  Net_Dbg_CM3_L.lib(net_igmp.o)
    0x080162ac   0x080162ac   0x00000020   Code   RO         2039    i.net_igmp_is_member  Net_Dbg_CM3_L.lib(net_igmp.o)
    0x080162cc   0x080162cc   0x000001ac   Code   RO         2040    i.net_igmp_process  Net_Dbg_CM3_L.lib(net_igmp.o)
    0x08016478   0x08016478   0x0000018c   Code   RO         2675    i.net_ip4_chk_frame  Net_Dbg_CM3_L.lib(net_ip4.o)
    0x08016604   0x08016604   0x0000002c   Code   RO         2676    i.net_ip4_chksum    Net_Dbg_CM3_L.lib(net_ip4.o)
    0x08016630   0x08016630   0x00000006   Code   RO         2677    i.net_ip4_chksum_buf  Net_Dbg_CM3_L.lib(net_ip4.o)
    0x08016636   0x08016636   0x00000002   PAD
    0x08016638   0x08016638   0x00000080   Code   RO         2679    i.net_ip4_find_route  Net_Dbg_CM3_L.lib(net_ip4.o)
    0x080166b8   0x080166b8   0x00000124   Code   RO         2081    i.net_ip4_frag_add  Net_Dbg_CM3_L.lib(net_ip4_frag.o)
    0x080167dc   0x080167dc   0x000000ac   Code   RO         2082    i.net_ip4_frag_get  Net_Dbg_CM3_L.lib(net_ip4_frag.o)
    0x08016888   0x08016888   0x00000010   Code   RO         2083    i.net_ip4_frag_init  Net_Dbg_CM3_L.lib(net_ip4_frag.o)
    0x08016898   0x08016898   0x0000003c   Code   RO         2084    i.net_ip4_frag_run  Net_Dbg_CM3_L.lib(net_ip4_frag.o)
    0x080168d4   0x080168d4   0x00000010   Code   RO         2085    i.net_ip4_frag_uninit  Net_Dbg_CM3_L.lib(net_ip4_frag.o)
    0x080168e4   0x080168e4   0x0000002c   Code   RO         2680    i.net_ip4_get_local  Net_Dbg_CM3_L.lib(net_ip4.o)
    0x08016910   0x08016910   0x00000024   Code   RO         2681    i.net_ip4_init      Net_Dbg_CM3_L.lib(net_ip4.o)
    0x08016934   0x08016934   0x00000020   Code   RO         2682    i.net_ip4_is_onlink  Net_Dbg_CM3_L.lib(net_ip4.o)
    0x08016954   0x08016954   0x00000026   Code   RO         2683    i.net_ip4_is_subcast  Net_Dbg_CM3_L.lib(net_ip4.o)
    0x0801697a   0x0801697a   0x0000000e   Code   RO         2684    i.net_ip4_reass_frame  Net_Dbg_CM3_L.lib(net_ip4.o)
    0x08016988   0x08016988   0x00000164   Code   RO         2685    i.net_ip4_send_frame  Net_Dbg_CM3_L.lib(net_ip4.o)
    0x08016aec   0x08016aec   0x0000002a   Code   RO         2687    i.net_ip4_tx_offl_hl  Net_Dbg_CM3_L.lib(net_ip4.o)
    0x08016b16   0x08016b16   0x00000002   PAD
    0x08016b18   0x08016b18   0x00000020   Code   RO         2688    i.net_ip4_uninit    Net_Dbg_CM3_L.lib(net_ip4.o)
    0x08016b38   0x08016b38   0x00000100   Code   RO         2713    i.net_ip6_chk_frame  Net_Dbg_CM3_L.lib(net_ip6.o)
    0x08016c38   0x08016c38   0x00000032   Code   RO         2714    i.net_ip6_chksum    Net_Dbg_CM3_L.lib(net_ip6.o)
    0x08016c6a   0x08016c6a   0x00000002   PAD
    0x08016c6c   0x08016c6c   0x0000007c   Code   RO         2715    i.net_ip6_collect_mcast  Net_Dbg_CM3_L.lib(net_ip6.o)
    0x08016ce8   0x08016ce8   0x00000048   Code   RO         2717    i.net_ip6_find_route  Net_Dbg_CM3_L.lib(net_ip6.o)
    0x08016d30   0x08016d30   0x00000054   Code   RO         2718    i.net_ip6_get_local  Net_Dbg_CM3_L.lib(net_ip6.o)
    0x08016d84   0x08016d84   0x0000001c   Code   RO         2719    i.net_ip6_init      Net_Dbg_CM3_L.lib(net_ip6.o)
    0x08016da0   0x08016da0   0x000000cc   Code   RO         2720    i.net_ip6_send_frame  Net_Dbg_CM3_L.lib(net_ip6.o)
    0x08016e6c   0x08016e6c   0x0000001e   Code   RO         2722    i.net_ip6_tx_offl_hl  Net_Dbg_CM3_L.lib(net_ip6.o)
    0x08016e8a   0x08016e8a   0x00000002   PAD
    0x08016e8c   0x08016e8c   0x0000001c   Code   RO         2723    i.net_ip6_uninit    Net_Dbg_CM3_L.lib(net_ip6.o)
    0x08016ea8   0x08016ea8   0x00000008   Code   RO         2801    i.net_itoa          Net_Dbg_CM3_L.lib(net_common.o)
    0x08016eb0   0x08016eb0   0x00000006   Code   RO         2803    i.net_itoa_n0       Net_Dbg_CM3_L.lib(net_common.o)
    0x08016eb6   0x08016eb6   0x00000002   PAD
    0x08016eb8   0x08016eb8   0x00000030   Code   RO         2063    i.net_loop_iface_init  Net_Dbg_CM3_L.lib(net_loopback.o)
    0x08016ee8   0x08016ee8   0x000000bc   Code   RO         2064    i.net_loop_iface_run  Net_Dbg_CM3_L.lib(net_loopback.o)
    0x08016fa4   0x08016fa4   0x00000028   Code   RO         2065    i.net_loop_iface_uninit  Net_Dbg_CM3_L.lib(net_loopback.o)
    0x08016fcc   0x08016fcc   0x00000070   Code   RO         2066    i.net_loop_send_frame  Net_Dbg_CM3_L.lib(net_loopback.o)
    0x0801703c   0x0801703c   0x000000c0   Code   RO         2774    i.net_mem_alloc     Net_Dbg_CM3_L.lib(net_mem.o)
    0x080170fc   0x080170fc   0x0000001c   Code   RO         2775    i.net_mem_avail     Net_Dbg_CM3_L.lib(net_mem.o)
    0x08017118   0x08017118   0x000000a4   Code   RO         2776    i.net_mem_free      Net_Dbg_CM3_L.lib(net_mem.o)
    0x080171bc   0x080171bc   0x00000070   Code   RO         2777    i.net_mem_init      Net_Dbg_CM3_L.lib(net_mem.o)
    0x0801722c   0x0801722c   0x00000048   Code   RO         2778    i.net_mem_shrink    Net_Dbg_CM3_L.lib(net_mem.o)
    0x08017274   0x08017274   0x00000034   Code   RO         2779    i.net_mem_uninit    Net_Dbg_CM3_L.lib(net_mem.o)
    0x080172a8   0x080172a8   0x00000064   Code   RO         2303    i.net_nbns_client_init  Net_Dbg_CM3_L.lib(net_nbns_client.o)
    0x0801730c   0x0801730c   0x00000038   Code   RO         2304    i.net_nbns_client_uninit  Net_Dbg_CM3_L.lib(net_nbns_client.o)
    0x08017344   0x08017344   0x000001c4   Code   RO         2624    i.net_ndp_cache_find  Net_Dbg_CM3_L.lib(net_ndp.o)
    0x08017508   0x08017508   0x00000078   Code   RO         2627    i.net_ndp_cache_refresh  Net_Dbg_CM3_L.lib(net_ndp.o)
    0x08017580   0x08017580   0x00000070   Code   RO         2630    i.net_ndp_enqueue   Net_Dbg_CM3_L.lib(net_ndp.o)
    0x080175f0   0x080175f0   0x00000374   Code   RO         2632    i.net_ndp_process   Net_Dbg_CM3_L.lib(net_ndp.o)
    0x08017964   0x08017964   0x00000038   Code   RO         2496    i.net_path          Net_Dbg_CM3_L.lib(net_sys.o)
    0x0801799c   0x0801799c   0x00000020   Code   RO         2467    i.net_ping_client_init  Net_Dbg_CM3_L.lib(net_ping_core.o)
    0x080179bc   0x080179bc   0x00000080   Code   RO         2468    i.net_ping_client_run  Net_Dbg_CM3_L.lib(net_ping_core.o)
    0x08017a3c   0x08017a3c   0x00000020   Code   RO         2470    i.net_ping_client_uninit  Net_Dbg_CM3_L.lib(net_ping_core.o)
    0x08017a5c   0x08017a5c   0x0000001c   Code   RO         2497    i.net_rand32        Net_Dbg_CM3_L.lib(net_sys.o)
    0x08017a78   0x08017a78   0x0000005c   Code   RO         2441    i.net_sntp_client_init  Net_Dbg_CM3_L.lib(net_sntp_client_core.o)
    0x08017ad4   0x08017ad4   0x00000058   Code   RO         2442    i.net_sntp_client_run  Net_Dbg_CM3_L.lib(net_sntp_client_core.o)
    0x08017b2c   0x08017b2c   0x00000148   Code   RO         2443    i.net_sntp_client_start  Net_Dbg_CM3_L.lib(net_sntp_client_core.o)
    0x08017c74   0x08017c74   0x00000020   Code   RO         2444    i.net_sntp_client_uninit  Net_Dbg_CM3_L.lib(net_sntp_client_core.o)
    0x08017c94   0x08017c94   0x0000002e   Code   RO         2804    i.net_strcasecmp    Net_Dbg_CM3_L.lib(net_common.o)
    0x08017cc2   0x08017cc2   0x0000001a   Code   RO         2806    i.net_strcmp        Net_Dbg_CM3_L.lib(net_common.o)
    0x08017cdc   0x08017cdc   0x00000012   Code   RO         2807    i.net_strcpy        Net_Dbg_CM3_L.lib(net_common.o)
    0x08017cee   0x08017cee   0x0000001c   Code   RO         2809    i.net_strnchr       Net_Dbg_CM3_L.lib(net_common.o)
    0x08017d0a   0x08017d0a   0x0000001a   Code   RO         2810    i.net_strncpy       Net_Dbg_CM3_L.lib(net_common.o)
    0x08017d24   0x08017d24   0x00000020   Code   RO         2811    i.net_strtoupper    Net_Dbg_CM3_L.lib(net_common.o)
    0x08017d44   0x08017d44   0x0000000c   Code   RO         2498    i.net_sys_lock      Net_Dbg_CM3_L.lib(net_sys.o)
    0x08017d50   0x08017d50   0x00000016   Code   RO         2499    i.net_sys_resume    Net_Dbg_CM3_L.lib(net_sys.o)
    0x08017d66   0x08017d66   0x00000002   PAD
    0x08017d68   0x08017d68   0x00000014   Code   RO         2501    i.net_sys_tick      Net_Dbg_CM3_L.lib(net_sys.o)
    0x08017d7c   0x08017d7c   0x0000000c   Code   RO         2502    i.net_sys_unlock    Net_Dbg_CM3_L.lib(net_sys.o)
    0x08017d88   0x08017d88   0x00000020   Code   RO         2504    i.net_sys_wakeup    Net_Dbg_CM3_L.lib(net_sys.o)
    0x08017da8   0x08017da8   0x00000084   Code   RO         2195    i.net_tcp_abort     Net_Dbg_CM3_L.lib(net_tcp.o)
    0x08017e2c   0x08017e2c   0x000000e4   Code   RO         2198    i.net_tcp_close     Net_Dbg_CM3_L.lib(net_tcp.o)
    0x08017f10   0x08017f10   0x0000002e   Code   RO         2201    i.net_tcp_get_buf   Net_Dbg_CM3_L.lib(net_tcp.o)
    0x08017f3e   0x08017f3e   0x00000002   PAD
    0x08017f40   0x08017f40   0x00000034   Code   RO         2203    i.net_tcp_get_local_port  Net_Dbg_CM3_L.lib(net_tcp.o)
    0x08017f74   0x08017f74   0x00000028   Code   RO         2204    i.net_tcp_get_mss   Net_Dbg_CM3_L.lib(net_tcp.o)
    0x08017f9c   0x08017f9c   0x00000054   Code   RO         2206    i.net_tcp_get_peer  Net_Dbg_CM3_L.lib(net_tcp.o)
    0x08017ff0   0x08017ff0   0x00000070   Code   RO         2208    i.net_tcp_get_socket  Net_Dbg_CM3_L.lib(net_tcp.o)
    0x08018060   0x08018060   0x0000002c   Code   RO         2209    i.net_tcp_get_state  Net_Dbg_CM3_L.lib(net_tcp.o)
    0x0801808c   0x0801808c   0x00000034   Code   RO         2210    i.net_tcp_get_timer  Net_Dbg_CM3_L.lib(net_tcp.o)
    0x080180c0   0x080180c0   0x000000b0   Code   RO         2211    i.net_tcp_listen    Net_Dbg_CM3_L.lib(net_tcp.o)
    0x08018170   0x08018170   0x000007a8   Code   RO         2213    i.net_tcp_process   Net_Dbg_CM3_L.lib(net_tcp.o)
    0x08018918   0x08018918   0x0000015c   Code   RO         2217    i.net_tcp_send      Net_Dbg_CM3_L.lib(net_tcp.o)
    0x08018a74   0x08018a74   0x0000012c   Code   RO         2219    i.net_tcp_set_option  Net_Dbg_CM3_L.lib(net_tcp.o)
    0x08018ba0   0x08018ba0   0x00000028   Code   RO         2220    i.net_tcp_socket_init  Net_Dbg_CM3_L.lib(net_tcp.o)
    0x08018bc8   0x08018bc8   0x000003c0   Code   RO         2221    i.net_tcp_socket_run  Net_Dbg_CM3_L.lib(net_tcp.o)
    0x08018f88   0x08018f88   0x00000028   Code   RO         2222    i.net_tcp_socket_uninit  Net_Dbg_CM3_L.lib(net_tcp.o)
    0x08018fb0   0x08018fb0   0x00000048   Code   RO         2129    i.net_udp_close     Net_Dbg_CM3_L.lib(net_udp.o)
    0x08018ff8   0x08018ff8   0x0000002e   Code   RO         2132    i.net_udp_get_buf   Net_Dbg_CM3_L.lib(net_udp.o)
    0x08019026   0x08019026   0x00000002   PAD
    0x08019028   0x08019028   0x00000070   Code   RO         2135    i.net_udp_get_socket  Net_Dbg_CM3_L.lib(net_udp.o)
    0x08019098   0x08019098   0x000000ac   Code   RO         2137    i.net_udp_open      Net_Dbg_CM3_L.lib(net_udp.o)
    0x08019144   0x08019144   0x00000158   Code   RO         2138    i.net_udp_process   Net_Dbg_CM3_L.lib(net_udp.o)
    0x0801929c   0x0801929c   0x00000012   Code   RO         2140    i.net_udp_send      Net_Dbg_CM3_L.lib(net_udp.o)
    0x080192ae   0x080192ae   0x00000002   PAD
    0x080192b0   0x080192b0   0x0000022c   Code   RO         2141    i.net_udp_send_if   Net_Dbg_CM3_L.lib(net_udp.o)
    0x080194dc   0x080194dc   0x00000024   Code   RO         2143    i.net_udp_socket_init  Net_Dbg_CM3_L.lib(net_udp.o)
    0x08019500   0x08019500   0x00000024   Code   RO         2144    i.net_udp_socket_uninit  Net_Dbg_CM3_L.lib(net_udp.o)
    0x08019524   0x08019524   0x00000008   Code   RO         2812    i.net_ultoa         Net_Dbg_CM3_L.lib(net_common.o)
    0x0801952c   0x0801952c   0x00000030   Code   RO         2815    i.net_ultox         Net_Dbg_CM3_L.lib(net_common.o)
    0x0801955c   0x0801955c   0x0000004c   Code   RO         2816    i.net_xtoul         Net_Dbg_CM3_L.lib(net_common.o)
    0x080195a8   0x080195a8   0x0000001c   Code   RO         2471    i.ping_send_req     Net_Dbg_CM3_L.lib(net_ping_core.o)
    0x080195c4   0x080195c4   0x00000058   Code   RO         2369    i.proc_req_line     Net_Dbg_CM3_L.lib(net_http_server.o)
    0x0801961c   0x0801961c   0x0000001a   Code   RO         2086    i.que_free_list     Net_Dbg_CM3_L.lib(net_ip4_frag.o)
    0x08019636   0x08019636   0x000000a0   Code   RO         2370    i.read_script_line  Net_Dbg_CM3_L.lib(net_http_server.o)
    0x080196d6   0x080196d6   0x00000048   Code   RO         2371    i.search_delim      Net_Dbg_CM3_L.lib(net_http_server.o)
    0x0801971e   0x0801971e   0x00000002   PAD
    0x08019720   0x08019720   0x000000fc   Code   RO         2445    i.sntp_listener     Net_Dbg_CM3_L.lib(net_sntp_client_core.o)
    0x0801981c   0x0801981c   0x0000003c   Code   RO         2446    i.sntp_send_message  Net_Dbg_CM3_L.lib(net_sntp_client_core.o)
    0x08019858   0x08019858   0x00000018   Code   RO         2448    i.sntp_stop         Net_Dbg_CM3_L.lib(net_sntp_client_core.o)
    0x08019870   0x08019870   0x00000018   Code   RO         2505    i.sys_map_if        Net_Dbg_CM3_L.lib(net_sys.o)
    0x08019888   0x08019888   0x0000004c   Code   RO         2506    i.sys_proc_tick     Net_Dbg_CM3_L.lib(net_sys.o)
    0x080198d4   0x080198d4   0x00000110   Code   RO         2223    i.tcp_map_socket    Net_Dbg_CM3_L.lib(net_tcp.o)
    0x080199e4   0x080199e4   0x00000084   Code   RO         2224    i.tcp_parse_opt     Net_Dbg_CM3_L.lib(net_tcp.o)
    0x08019a68   0x08019a68   0x0000011c   Code   RO         2225    i.tcp_proc_acknr    Net_Dbg_CM3_L.lib(net_tcp.o)
    0x08019b84   0x08019b84   0x000000ac   Code   RO         2226    i.tcp_proc_dupack   Net_Dbg_CM3_L.lib(net_tcp.o)
    0x08019c30   0x08019c30   0x0000001a   Code   RO         2227    i.tcp_que_free      Net_Dbg_CM3_L.lib(net_tcp.o)
    0x08019c4a   0x08019c4a   0x0000001a   Code   RO         2228    i.tcp_que_init      Net_Dbg_CM3_L.lib(net_tcp.o)
    0x08019c64   0x08019c64   0x000000ac   Code   RO         2229    i.tcp_que_resend    Net_Dbg_CM3_L.lib(net_tcp.o)
    0x08019d10   0x08019d10   0x00000090   Code   RO         2230    i.tcp_send_ctrl     Net_Dbg_CM3_L.lib(net_tcp.o)
    0x08019da0   0x08019da0   0x0000007c   Code   RO         2231    i.tcp_send_data     Net_Dbg_CM3_L.lib(net_tcp.o)
    0x08019e1c   0x08019e1c   0x00000090   Code   RO         2232    i.tcp_send_reset    Net_Dbg_CM3_L.lib(net_tcp.o)
    0x08019eac   0x08019eac   0x00000044   Code   RO         2233    i.tcp_set_cwnd      Net_Dbg_CM3_L.lib(net_tcp.o)
    0x08019ef0   0x08019ef0   0x00000074   Code   RO         2234    i.tcp_transit       Net_Dbg_CM3_L.lib(net_tcp.o)
    0x08019f64   0x08019f64   0x0000010c   Code   RO         2235    i.tcp_write         Net_Dbg_CM3_L.lib(net_tcp.o)
    0x0801a070   0x0801a070   0x0000002c   Code   RO         2145    i.udp_port_in_use   Net_Dbg_CM3_L.lib(net_udp.o)
    0x0801a09c   0x0801a09c   0x00000044   Code   RO         2817    i.ul2str            Net_Dbg_CM3_L.lib(net_common.o)
    0x0801a0e0   0x0801a0e0   0x00000124   Code   RO         2372    i.utc_to_http       Net_Dbg_CM3_L.lib(net_http_server.o)
    0x0801a204   0x0801a204   0x00000024   Data   RO          156    .constdata          http_server.o
    0x0801a228   0x0801a228   0x00000004   Data   RO          273    .constdata          web.o
    0x0801a22c   0x0801a22c   0x00006803   Data   RO          274    .constdata          web.o
    0x08020a2f   0x08020a2f   0x00000001   PAD
    0x08020a30   0x08020a30   0x000000a8   Data   RO          275    .constdata          web.o
    0x08020ad8   0x08020ad8   0x00000979   Data   RO          294    .constdata          spi.o
    0x08021451   0x08021451   0x00000001   PAD
    0x08021452   0x08021452   0x00000008   Data   RO          446    .constdata          thrtc.o
    0x0802145a   0x0802145a   0x00000002   PAD
    0x0802145c   0x0802145c   0x00000024   Data   RO          766    .constdata          rtx_lib.o
    0x08021480   0x08021480   0x00000024   Data   RO          767    .constdata          rtx_lib.o
    0x080214a4   0x080214a4   0x00000018   Data   RO          768    .constdata          rtx_lib.o
    0x080214bc   0x080214bc   0x00000004   Data   RO          770    .constdata          rtx_lib.o
    0x080214c0   0x080214c0   0x00000004   Data   RO         1111    .constdata          phy_lan8742a.o
    0x080214c4   0x080214c4   0x00000020   Data   RO         1112    .constdata          phy_lan8742a.o
    0x080214e4   0x080214e4   0x00000050   Data   RO         1139    .constdata          emac_stm32f4xx.o
    0x08021534   0x08021534   0x00000044   Data   RO         1140    .constdata          emac_stm32f4xx.o
    0x08021578   0x08021578   0x00000034   Data   RO         1179    .constdata          spi_stm32f4xx.o
    0x080215ac   0x080215ac   0x00000010   Data   RO         1180    .constdata          spi_stm32f4xx.o
    0x080215bc   0x080215bc   0x00000010   Data   RO         1181    .constdata          spi_stm32f4xx.o
    0x080215cc   0x080215cc   0x0000002c   Data   RO         1182    .constdata          spi_stm32f4xx.o
    0x080215f8   0x080215f8   0x00000018   Data   RO         1218    .constdata          eventrecorder.o
    0x08021610   0x08021610   0x00000008   Data   RO         1386    .constdata          stm32f4xx_hal_dma.o
    0x08021618   0x08021618   0x00000010   Data   RO         1754    .constdata          system_stm32f4xx.o
    0x08021628   0x08021628   0x00000008   Data   RO         1755    .constdata          system_stm32f4xx.o
    0x08021630   0x08021630   0x000000a8   Data   RO         1799    .constdata          net_config.o
    0x080216d8   0x080216d8   0x0000001c   Data   RO         1800    .constdata          net_config.o
    0x080216f4   0x080216f4   0x00000014   Data   RO         1801    .constdata          net_config.o
    0x08021708   0x08021708   0x0000000c   Data   RO         1802    .constdata          net_config.o
    0x08021714   0x08021714   0x00000010   Data   RO         1803    .constdata          net_config.o
    0x08021724   0x08021724   0x00000028   Data   RO         1804    .constdata          net_config.o
    0x0802174c   0x0802174c   0x0000002c   Data   RO         1805    .constdata          net_config.o
    0x08021778   0x08021778   0x00000008   Data   RO         1806    .constdata          net_config.o
    0x08021780   0x08021780   0x00000008   Data   RO         1807    .constdata          net_config.o
    0x08021788   0x08021788   0x00000008   Data   RO         1808    .constdata          net_config.o
    0x08021790   0x08021790   0x00000008   Data   RO         1809    .constdata          net_config.o
    0x08021798   0x08021798   0x00000008   Data   RO         1810    .constdata          net_config.o
    0x080217a0   0x080217a0   0x00000008   Data   RO         1811    .constdata          net_config.o
    0x080217a8   0x080217a8   0x00000008   Data   RO         1812    .constdata          net_config.o
    0x080217b0   0x080217b0   0x00000008   Data   RO         1813    .constdata          net_config.o
    0x080217b8   0x080217b8   0x00000004   Data   RO         1815    .constdata          net_config.o
    0x080217bc   0x080217bc   0x00000008   Data   RO         1816    .constdata          net_config.o
    0x080217c4   0x080217c4   0x0000000c   Data   RO         1817    .constdata          net_config.o
    0x080217d0   0x080217d0   0x00000018   Data   RO         1818    .constdata          net_config.o
    0x080217e8   0x080217e8   0x00000034   Data   RO         1819    .constdata          net_config.o
    0x0802181c   0x0802181c   0x00000008   Data   RO         1820    .constdata          net_config.o
    0x08021824   0x08021824   0x00000030   Data   RO         1821    .constdata          net_config.o
    0x08021854   0x08021854   0x00000028   Data   RO         1822    .constdata          net_config.o
    0x0802187c   0x0802187c   0x00000030   Data   RO         1823    .constdata          net_config.o
    0x080218ac   0x080218ac   0x00000010   Data   RO         1824    .constdata          net_config.o
    0x080218bc   0x080218bc   0x00000010   Data   RO         1825    .constdata          net_config.o
    0x080218cc   0x080218cc   0x00000008   Data   RO         2041    .constdata          Net_Dbg_CM3_L.lib(net_igmp.o)
    0x080218d4   0x080218d4   0x0000002c   Data   RO         2067    .constdata          Net_Dbg_CM3_L.lib(net_loopback.o)
    0x08021900   0x08021900   0x0000000c   Data   RO         2068    .constdata          Net_Dbg_CM3_L.lib(net_loopback.o)
    0x0802190c   0x0802190c   0x00000008   Data   RO         2305    .constdata          Net_Dbg_CM3_L.lib(net_nbns_client.o)
    0x08021914   0x08021914   0x000000fa   Data   RO         2374    .constdata          Net_Dbg_CM3_L.lib(net_http_server.o)
    0x08021a0e   0x08021a0e   0x00000012   Data   RO         2473    .constdata          Net_Dbg_CM3_L.lib(net_ping_core.o)
    0x08021a20   0x08021a20   0x00000010   Data   RO         2566    .constdata          Net_Dbg_CM3_L.lib(net_addr.o)
    0x08021a30   0x08021a30   0x00000006   Data   RO         2567    .constdata          Net_Dbg_CM3_L.lib(net_addr.o)
    0x08021a36   0x08021a36   0x00000004   Data   RO         2689    .constdata          Net_Dbg_CM3_L.lib(net_ip4.o)
    0x08021a3a   0x08021a3a   0x00000020   Data   RO         2724    .constdata          Net_Dbg_CM3_L.lib(net_ip6.o)
    0x08021a5a   0x08021a5a   0x00000002   PAD
    0x08021a5c   0x08021a5c   0x00000018   Data   RO         2764    .constdata          Net_Dbg_CM3_L.lib(net_http_server_err.o)
    0x08021a74   0x08021a74   0x00000010   Data   RO         2818    .constdata          Net_Dbg_CM3_L.lib(net_common.o)
    0x08021a84   0x08021a84   0x00000004   Data   RO         2848    .constdata          Net_Dbg_CM3_L.lib(net_version.o)
    0x08021a88   0x08021a88   0x0000000c   Data   RO         2868    .constdata          mc_w.l(localtime.o)
    0x08021a94   0x08021a94   0x000000da   Data   RO          231    .conststring        http_server_cgi.o
    0x08021b6e   0x08021b6e   0x00000002   PAD
    0x08021b70   0x08021b70   0x00000078   Data   RO         1826    .conststring        net_config.o
    0x08021be8   0x08021be8   0x0000000d   Data   RO         1827    .conststring        net_config.o
    0x08021bf5   0x08021bf5   0x00000003   PAD
    0x08021bf8   0x08021bf8   0x00000038   Data   RO         1828    .conststring        net_config.o
    0x08021c30   0x08021c30   0x00000001   Data   RO         1829    .conststring        net_config.o
    0x08021c31   0x08021c31   0x00000003   PAD
    0x08021c34   0x08021c34   0x0000000f   Data   RO         1830    .conststring        net_config.o
    0x08021c43   0x08021c43   0x00000001   PAD
    0x08021c44   0x08021c44   0x00000203   Data   RO         2765    .conststring        Net_Dbg_CM3_L.lib(net_http_server_err.o)
    0x08021e47   0x08021e47   0x00000001   PAD
    0x08021e48   0x08021e48   0x0000000b   Data   RO          710    .conststrlit        rtx_kernel.o
    0x08021e53   0x08021e53   0x00000001   PAD
    0x08021e54   0x08021e54   0x000000a8   Data   RO          771    .rodata             rtx_lib.o
    0x08021efc   0x08021efc   0x00000030   Data   RO         3196    Region$$Table       anon$$obj.o


    Execution Region RW_IRAM2 (Exec base: 0x10000000, Load base: 0x0802205c, Size: 0x000004a4, Max: 0x00010000, ABSOLUTE)

    Exec Addr    Load Addr    Size         Type   Attr      Idx    E Section Name        Object

    0x10000000        -       0x000004a4   Zero   RW         1217    .bss.noinit         eventrecorder.o


    Execution Region RW_IRAM1 (Exec base: 0x20000000, Load base: 0x08021f2c, Size: 0x0000f910, Max: 0x00030000, ABSOLUTE, COMPRESSED[0x00000130])

    Exec Addr    Load Addr    Size         Type   Attr      Idx    E Section Name        Object

    0x20000000   COMPRESSED   0x00008000   Data   RW          758    .bss.os             rtx_lib.o
    0x20008000   COMPRESSED   0x00000040   Data   RW          759    .bss.os             rtx_lib.o
    0x20008040   COMPRESSED   0x00000001   Data   RW         1063    .bss.os             os_systick.o
    0x20008041   COMPRESSED   0x00000003   PAD
    0x20008044   COMPRESSED   0x00000034   Data   RW          760    .bss.os.msgqueue.cb  rtx_lib.o
    0x20008078   COMPRESSED   0x00000050   Data   RW          761    .bss.os.msgqueue.mem  rtx_lib.o
    0x200080c8   COMPRESSED   0x0000001c   Data   RW         1793    .bss.os.mutex.cb    net_config.o
    0x200080e4   COMPRESSED   0x0000001c   Data   RW         1794    .bss.os.mutex.cb    net_config.o
    0x20008100   COMPRESSED   0x00000010   Data   RW         1795    .bss.os.semaphore.cb  net_config.o
    0x20008110   COMPRESSED   0x00000044   Data   RW          762    .bss.os.thread.cb   rtx_lib.o
    0x20008154   COMPRESSED   0x00000044   Data   RW          763    .bss.os.thread.cb   rtx_lib.o
    0x20008198   COMPRESSED   0x00000044   Data   RW         1796    .bss.os.thread.cb   net_config.o
    0x200081dc   COMPRESSED   0x00000044   Data   RW         1797    .bss.os.thread.cb   net_config.o
    0x20008220   COMPRESSED   0x00000200   Data   RW          764    .bss.os.thread.idle.stack  rtx_lib.o
    0x20008420   COMPRESSED   0x00000200   Data   RW          765    .bss.os.thread.timer.stack  rtx_lib.o
    0x20008620   COMPRESSED   0x00000020   Data   RW         1798    .bss.os.timer.cb    net_config.o
    0x20008640   COMPRESSED   0x00000004   Data   RW            5    .data               main.o
    0x20008644   COMPRESSED   0x00000018   Data   RW          158    .data               http_server.o
    0x2000865c   COMPRESSED   0x0000000c   Data   RW          233    .data               http_server_cgi.o
    0x20008668   COMPRESSED   0x00000008   Data   RW          295    .data               spi.o
    0x20008670   COMPRESSED   0x00000008   Data   RW          327    .data               thlcd.o
    0x20008678   COMPRESSED   0x00000008   Data   RW          379    .data               thadc.o
    0x20008680   COMPRESSED   0x00000018   Data   RW          447    .data               thrtc.o
    0x20008698   COMPRESSED   0x00000004   Data   RW         1248    .data               retarget_io.o
    0x2000869c   COMPRESSED   0x0000000c   Data   RW         1280    .data               stm32f4xx_hal.o
    0x200086a8   COMPRESSED   0x00000004   Data   RW         1756    .data               system_stm32f4xx.o
    0x200086ac   COMPRESSED   0x00000004   Data   RW         1831    .data               net_config.o
    0x200086b0   COMPRESSED   0x00000006   Data   RW         1832    .data               net_config.o
    0x200086b6   COMPRESSED   0x00000004   Data   RW         1833    .data               net_config.o
    0x200086ba   COMPRESSED   0x00000004   Data   RW         2042    .data               Net_Dbg_CM3_L.lib(net_igmp.o)
    0x200086be   COMPRESSED   0x00000002   PAD
    0x200086c0   COMPRESSED   0x00000004   Data   RW         2069    .data               Net_Dbg_CM3_L.lib(net_loopback.o)
    0x200086c4   COMPRESSED   0x00000004   Data   RW         2087    .data               Net_Dbg_CM3_L.lib(net_ip4_frag.o)
    0x200086c8   COMPRESSED   0x00000001   Data   RW         2105    .data               Net_Dbg_CM3_L.lib(net_icmp.o)
    0x200086c9   COMPRESSED   0x00000001   PAD
    0x200086ca   COMPRESSED   0x00000002   Data   RW         2147    .data               Net_Dbg_CM3_L.lib(net_udp.o)
    0x200086cc   COMPRESSED   0x00000004   Data   RW         2238    .data               Net_Dbg_CM3_L.lib(net_tcp.o)
    0x200086d0   COMPRESSED   0x00000001   Data   RW         2306    .data               Net_Dbg_CM3_L.lib(net_nbns_client.o)
    0x200086d1   COMPRESSED   0x00000003   PAD
    0x200086d4   COMPRESSED   0x0000000c   Data   RW         2375    .data               Net_Dbg_CM3_L.lib(net_http_server.o)
    0x200086e0   COMPRESSED   0x00000008   Data   RW         2690    .data               Net_Dbg_CM3_L.lib(net_ip4.o)
    0x200086e8   COMPRESSED   0x00000004   Data   RW         2726    .data               Net_Dbg_CM3_L.lib(net_ip6.o)
    0x200086ec   COMPRESSED   0x00000004   Data   RW         2862    .data               mc_w.l(stdout.o)
    0x200086f0   COMPRESSED   0x00000004   Data   RW         2863    .data               mc_w.l(stderr.o)
    0x200086f4   COMPRESSED   0x000000a4   Data   RW          711    .data.os            rtx_kernel.o
    0x20008798        -       0x00000400   Zero   RW          154    .bss                http_server.o
    0x20008b98        -       0x0000019e   Zero   RW          230    .bss                http_server_cgi.o
    0x20008d36   COMPRESSED   0x00000002   PAD
    0x20008d38        -       0x00000240   Zero   RW          293    .bss                spi.o
    0x20008f78        -       0x00000102   Zero   RW          326    .bss                thlcd.o
    0x2000907a   COMPRESSED   0x00000002   PAD
    0x2000907c        -       0x00000048   Zero   RW          378    .bss                thadc.o
    0x200090c4        -       0x00000020   Zero   RW          406    .bss                rtc.o
    0x200090e4        -       0x00000090   Zero   RW          444    .bss                thrtc.o
    0x20009174        -       0x0000000c   Zero   RW         1110    .bss                phy_lan8742a.o
    0x20009180        -       0x000024cc   Zero   RW         1138    .bss                emac_stm32f4xx.o
    0x2000b64c        -       0x00000010   Zero   RW         1177    .bss                spi_stm32f4xx.o
    0x2000b65c        -       0x0000001c   Zero   RW         1178    .bss                spi_stm32f4xx.o
    0x2000b678        -       0x00000400   Zero   RW         1783    .bss                net_config.o
    0x2000ba78        -       0x00000400   Zero   RW         1784    .bss                net_config.o
    0x2000be78        -       0x00002ee0   Zero   RW         1785    .bss                net_config.o
    0x2000ed58        -       0x000000c8   Zero   RW         1786    .bss                net_config.o
    0x2000ee20        -       0x00000028   Zero   RW         1787    .bss                net_config.o
    0x2000ee48        -       0x00000018   Zero   RW         1788    .bss                net_config.o
    0x2000ee60        -       0x00000028   Zero   RW         1789    .bss                net_config.o
    0x2000ee88        -       0x00000050   Zero   RW         1790    .bss                net_config.o
    0x2000eed8        -       0x00000228   Zero   RW         1791    .bss                net_config.o
    0x2000f100        -       0x00000150   Zero   RW         1792    .bss                net_config.o
    0x2000f250        -       0x000000a0   Zero   RW         1931    .bss                Net_Dbg_CM3_L.lib(net_eth.o)
    0x2000f2f0        -       0x00000018   Zero   RW         1991    .bss                Net_Dbg_CM3_L.lib(net_arp.o)
    0x2000f308        -       0x0000001c   Zero   RW         2146    .bss                Net_Dbg_CM3_L.lib(net_udp.o)
    0x2000f324        -       0x00000098   Zero   RW         2373    .bss                Net_Dbg_CM3_L.lib(net_http_server.o)
    0x2000f3bc        -       0x0000002c   Zero   RW         2449    .bss                Net_Dbg_CM3_L.lib(net_sntp_client_core.o)
    0x2000f3e8        -       0x0000002c   Zero   RW         2472    .bss                Net_Dbg_CM3_L.lib(net_ping_core.o)
    0x2000f414        -       0x00000038   Zero   RW         2507    .bss                Net_Dbg_CM3_L.lib(net_sys.o)
    0x2000f44c        -       0x00000024   Zero   RW         2508    .bss                Net_Dbg_CM3_L.lib(net_sys.o)
    0x2000f470        -       0x0000005c   Zero   RW         2565    .bss                Net_Dbg_CM3_L.lib(net_addr.o)
    0x2000f4cc        -       0x00000014   Zero   RW         2780    .bss                Net_Dbg_CM3_L.lib(net_mem.o)
    0x2000f4e0        -       0x0000002c   Zero   RW         2867    .bss                mc_w.l(localtime.o)
    0x2000f50c   COMPRESSED   0x00000004   PAD
    0x2000f510        -       0x00000400   Zero   RW         1743    STACK               startup_stm32f429xx.o


==============================================================================

Image component sizes


      Code (inc. data)   RO Data    RW Data    ZI Data      Debug   Object Name

       216         12          0          0          0       1768   adc.o
      2536        156        148          0       9420      47378   emac_stm32f4xx.o
      1452         40         24          0       1188      17228   eventrecorder.o
       536         24         36         24       1024      18688   http_server.o
      1776        256        218         12        414       8489   http_server_cgi.o
       148          8          0          0          0        592   irq_armv7m.o
       272         28          0          4          0     833923   main.o
       356         26        873        254      15320      31741   net_config.o
       338          0          0          0          0        822   net_debug.o
       196         12          0          1          0       1932   os_systick.o
       428         10         36          0         12       6718   phy_lan8742a.o
       240         60          0          4          0       4055   retarget_io.o
       396         76          0          0         32       2946   rtc.o
         4          0          0          0          0        587   rtx_config.o
       260         14          0          0          0      17646   rtx_delay.o
      2392         88          0          0          0      45101   rtx_evr.o
      1740         96         11        164          0      27736   rtx_kernel.o
        24          0        268      34124          0       9667   rtx_lib.o
       292          0          0          0          0       3759   rtx_memory.o
      1984         48          0          0          0      15000   rtx_mempool.o
      2820         58          0          0          0      23484   rtx_msgqueue.o
      1368         30          0          0          0       9994   rtx_mutex.o
      1432         34          0          0          0      11728   rtx_semaphore.o
       668         18          0          0          0       8289   rtx_system.o
      4892        124          0          0          0      33421   rtx_thread.o
      1152         34          0          0          0      10097   rtx_timer.o
       972         28       2425          8        576       5371   spi.o
      3164         98        128          0         44      44715   spi_stm32f4xx.o
        36          8        428          0       1024        824   startup_stm32f429xx.o
       456         38          0         12          0      11319   stm32f4xx_hal.o
      2744         92          0          0          0       8763   stm32f4xx_hal_adc.o
      1828         42          0          0          0       6470   stm32f4xx_hal_adc_ex.o
       664         10          0          0          0      36014   stm32f4xx_hal_cortex.o
      1816         28          8          0          0       7577   stm32f4xx_hal_dma.o
      3112         78          0          0          0      11451   stm32f4xx_hal_eth.o
       868         54          0          0          0       3931   stm32f4xx_hal_gpio.o
       376         20          0          0          0       3559   stm32f4xx_hal_pwr.o
      1888         66          0          0          0       6083   stm32f4xx_hal_rcc.o
      1508         80          0          0          0       4641   stm32f4xx_hal_rcc_ex.o
      2416         24          0          0          0       8645   stm32f4xx_hal_rtc.o
      2828         22          0          0          0      13629   stm32f4xx_hal_rtc_ex.o
      9170        166          0          0          0      37580   stm32f4xx_hal_tim.o
      2992         62          0          0          0      13596   stm32f4xx_hal_tim_ex.o
        12          0          0          0          0        899   stm32f4xx_it.o
       752         58          0          0          0       2044   stopmode.o
       148         20         24          4          0       1745   system_stm32f4xx.o
       108         14          0          8         72        965   thadc.o
       120         10          0          8        258        907   thlcd.o
       324         22          8         24        144       2436   thrtc.o
       120         10      26799          0          0       1704   web.o

    ----------------------------------------------------------------------
     66342       2302      31496      34654      29532    1427657   Object Totals
         0          0         48          0          0          0   (incl. Generated)
         2          0         14          3          4          0   (incl. Padding)

    ----------------------------------------------------------------------

      Code (inc. data)   RO Data    RW Data    ZI Data      Debug   Library Member Name

      1458         18         22          0         92       1624   net_addr.o
      2938        152          0          0         24       1628   net_arp.o
       600         10         16          0          0       1272   net_common.o
      3816        150          0          0        160       1756   net_eth.o
      6946       1282        250         12        152       2940   net_http_server.o
         0          0        539          0          0          0   net_http_server_err.o
       640         48          0          1          0        236   net_icmp.o
       812         60          0          0          0        332   net_icmp6.o
      1028         54          8          4          0        760   net_igmp.o
      1220         92          4          8          0       1032   net_ip4.o
       706         34          0          4          0        544   net_ip4_frag.o
       876         80         32          4          0        720   net_ip6.o
       388         36         56          4          0        336   net_loopback.o
       644         76          0          0         20        644   net_mem.o
       576         58          8          1          0        268   net_nbns_client.o
      3058        106          0          0          0       1404   net_ndp.o
       220         40         18          0         44        300   net_ping_core.o
       904         78          0          0         44        664   net_sntp_client_core.o
       938         96          0          0         92       1088   net_sys.o
      6606        292          0          4          0       2808   net_tcp.o
      1436         88          0          2         28        852   net_udp.o
         0          0          4          0          0          0   net_version.o
        58          0          0          0          0          0   __dczerorl.o
         0          0          0          0          0          0   entry.o
         0          0          0          0          0          0   entry10a.o
         0          0          0          0          0          0   entry11a.o
         4          0          0          0          0          0   entry12b.o
         8          4          0          0          0          0   entry2.o
         4          0          0          0          0          0   entry5.o
         0          0          0          0          0          0   entry7b.o
         0          0          0          0          0          0   entry8b.o
         8          4          0          0          0          0   entry9a.o
        24          0          0          0          0         80   fputs.o
        30          0          0          0          0          0   handlers.o
        36          8          0          0          0         68   init.o
         0          0          0          0          0          0   iusefp.o
        30          0          0          0          0         68   llshl.o
        36          0          0          0          0         68   llsshr.o
        32          0          0          0          0         68   llushr.o
       148         10         12          0         44         76   localtime.o
        26          0          0          0          0         80   memcmp.o
        36          0          0          0          0         68   memcpya.o
        36          0          0          0          0        108   memseta.o
      2268         96          0          0          0        616   printfa.o
         0          0          0          4          0          0   stderr.o
         0          0          0          4          0          0   stdout.o
        28          0          0          0          0         76   strcmp.o
        18          0          0          0          0         68   strcpy.o
        14          0          0          0          0         68   strlen.o
        30          0          0          0          0         80   strncmp.o
        44          0          0          0          0         80   uidiv.o
        98          0          0          0          0         92   uldiv.o
        48          0          0          0          0         68   cdrcmple.o
       334          0          0          0          0        148   dadd.o
       222          0          0          0          0        100   ddiv.o
       186          0          0          0          0        176   depilogue.o
        48          0          0          0          0         68   dfixul.o
       228          0          0          0          0         96   dmul.o
        46          0          0          0          0         80   dscalb.o
        38          0          0          0          0         68   f2d.o
       110          0          0          0          0        168   fepilogue.o
        10          0          0          0          0         68   ffltui.o
       100          0          0          0          0         76   fmul.o

    ----------------------------------------------------------------------
     40242       2972        972         58        704      24088   Library Totals
        46          0          3          6          4          0   (incl. Padding)

    ----------------------------------------------------------------------

      Code (inc. data)   RO Data    RW Data    ZI Data      Debug   Library Name

     35810       2850        957         44        656      21208   Net_Dbg_CM3_L.lib
      3016        122         12          8         44       1764   mc_w.l
      1370          0          0          0          0       1116   mf_w.l

    ----------------------------------------------------------------------
     40242       2972        972         58        704      24088   Library Totals

    ----------------------------------------------------------------------

==============================================================================


      Code (inc. data)   RO Data    RW Data    ZI Data      Debug   

    106584       5274      32468      34712      30236    1432113   Grand Totals
    106584       5274      32468        304      30236    1432113   ELF Image Totals (compressed)
    106584       5274      32468        304          0          0   ROM Totals

==============================================================================

    Total RO  Size (Code + RO Data)               139052 ( 135.79kB)
    Total RW  Size (RW Data + ZI Data)             64948 (  63.43kB)
    Total ROM Size (Code + RO Data + RW Data)     139356 ( 136.09kB)

==============================================================================

